Component: ARM Compiler 5.06 update 5 (build 528) Tool: armlink [4d35e2]

==============================================================================

Section Cross References

    system_stm32f4xx.o(i.SystemCoreClockUpdate) refers to system_stm32f4xx.o(.data) for .data
    system_stm32f4xx.o(i.SystemCoreClockUpdate) refers to system_stm32f4xx.o(.constdata) for .constdata
    startup_stm32f411xe.o(RESET) refers to startup_stm32f411xe.o(STACK) for __initial_sp
    startup_stm32f411xe.o(RESET) refers to startup_stm32f411xe.o(.text) for Reset_Handler
    startup_stm32f411xe.o(RESET) refers to stm32f4xx_it.o(i.NMI_Handler) for NMI_Handler
    startup_stm32f411xe.o(RESET) refers to stm32f4xx_it.o(i.HardFault_Handler) for HardFault_Handler
    startup_stm32f411xe.o(RESET) refers to stm32f4xx_it.o(i.MemManage_Handler) for MemManage_Handler
    startup_stm32f411xe.o(RESET) refers to stm32f4xx_it.o(i.BusFault_Handler) for BusFault_Handler
    startup_stm32f411xe.o(RESET) refers to stm32f4xx_it.o(i.UsageFault_Handler) for UsageFault_Handler
    startup_stm32f411xe.o(RESET) refers to stm32f4xx_it.o(i.SVC_Handler) for SVC_Handler
    startup_stm32f411xe.o(RESET) refers to stm32f4xx_it.o(i.DebugMon_Handler) for DebugMon_Handler
    startup_stm32f411xe.o(RESET) refers to stm32f4xx_it.o(i.PendSV_Handler) for PendSV_Handler
    startup_stm32f411xe.o(RESET) refers to stm32f4xx_it.o(i.SysTick_Handler) for SysTick_Handler
    startup_stm32f411xe.o(RESET) refers to stm32f4xx_it.o(i.TIM2_IRQHandler) for TIM2_IRQHandler
    startup_stm32f411xe.o(.text) refers to system_stm32f4xx.o(i.SystemInit) for SystemInit
    startup_stm32f411xe.o(.text) refers to entry.o(.ARM.Collect$$$$00000000) for __main
    stm32f4xx_hal_dma.o(i.DMA_CalcBaseAndBitshift) refers to stm32f4xx_hal_dma.o(.constdata) for .constdata
    stm32f4xx_hal_dma.o(i.HAL_DMA_Abort) refers to stm32f4xx_hal.o(i.HAL_GetTick) for HAL_GetTick
    stm32f4xx_hal_dma.o(i.HAL_DMA_DeInit) refers to stm32f4xx_hal_dma.o(i.DMA_CalcBaseAndBitshift) for DMA_CalcBaseAndBitshift
    stm32f4xx_hal_dma.o(i.HAL_DMA_IRQHandler) refers to system_stm32f4xx.o(.data) for SystemCoreClock
    stm32f4xx_hal_dma.o(i.HAL_DMA_Init) refers to stm32f4xx_hal.o(i.HAL_GetTick) for HAL_GetTick
    stm32f4xx_hal_dma.o(i.HAL_DMA_Init) refers to stm32f4xx_hal_dma.o(i.DMA_CheckFifoParam) for DMA_CheckFifoParam
    stm32f4xx_hal_dma.o(i.HAL_DMA_Init) refers to stm32f4xx_hal_dma.o(i.DMA_CalcBaseAndBitshift) for DMA_CalcBaseAndBitshift
    stm32f4xx_hal_dma.o(i.HAL_DMA_PollForTransfer) refers to stm32f4xx_hal.o(i.HAL_GetTick) for HAL_GetTick
    stm32f4xx_hal_dma.o(i.HAL_DMA_PollForTransfer) refers to stm32f4xx_hal_dma.o(i.HAL_DMA_Abort) for HAL_DMA_Abort
    stm32f4xx_hal_dma.o(i.HAL_DMA_Start) refers to stm32f4xx_hal_dma.o(i.DMA_SetConfig) for DMA_SetConfig
    stm32f4xx_hal_dma.o(i.HAL_DMA_Start_IT) refers to stm32f4xx_hal_dma.o(i.DMA_SetConfig) for DMA_SetConfig
    stm32f4xx_hal_pwr_ex.o(i.HAL_PWREx_ControlVoltageScaling) refers to stm32f4xx_hal.o(i.HAL_GetTick) for HAL_GetTick
    stm32f4xx_hal_pwr_ex.o(i.HAL_PWREx_DisableBkUpReg) refers to stm32f4xx_hal.o(i.HAL_GetTick) for HAL_GetTick
    stm32f4xx_hal_pwr_ex.o(i.HAL_PWREx_EnableBkUpReg) refers to stm32f4xx_hal.o(i.HAL_GetTick) for HAL_GetTick
    stm32f4xx_hal_tim.o(i.HAL_TIM_Base_DeInit) refers to stm32f4xx_hal_msp.o(i.HAL_TIM_Base_MspDeInit) for HAL_TIM_Base_MspDeInit
    stm32f4xx_hal_tim.o(i.HAL_TIM_Base_Init) refers to stm32f4xx_hal_msp.o(i.HAL_TIM_Base_MspInit) for HAL_TIM_Base_MspInit
    stm32f4xx_hal_tim.o(i.HAL_TIM_Base_Init) refers to stm32f4xx_hal_tim.o(i.TIM_Base_SetConfig) for TIM_Base_SetConfig
    stm32f4xx_hal_tim.o(i.HAL_TIM_Base_Start_DMA) refers to stm32f4xx_hal_dma.o(i.HAL_DMA_Start_IT) for HAL_DMA_Start_IT
    stm32f4xx_hal_tim.o(i.HAL_TIM_Base_Start_DMA) refers to stm32f4xx_hal_tim.o(i.TIM_DMAPeriodElapsedCplt) for TIM_DMAPeriodElapsedCplt
    stm32f4xx_hal_tim.o(i.HAL_TIM_Base_Start_DMA) refers to stm32f4xx_hal_tim.o(i.TIM_DMAError) for TIM_DMAError
    stm32f4xx_hal_tim.o(i.HAL_TIM_ConfigClockSource) refers to stm32f4xx_hal_tim.o(i.TIM_ETR_SetConfig) for TIM_ETR_SetConfig
    stm32f4xx_hal_tim.o(i.HAL_TIM_ConfigClockSource) refers to stm32f4xx_hal_tim.o(i.TIM_TI1_ConfigInputStage) for TIM_TI1_ConfigInputStage
    stm32f4xx_hal_tim.o(i.HAL_TIM_ConfigClockSource) refers to stm32f4xx_hal_tim.o(i.TIM_TI2_ConfigInputStage) for TIM_TI2_ConfigInputStage
    stm32f4xx_hal_tim.o(i.HAL_TIM_ConfigClockSource) refers to stm32f4xx_hal_tim.o(i.TIM_ITRx_SetConfig) for TIM_ITRx_SetConfig
    stm32f4xx_hal_tim.o(i.HAL_TIM_ConfigOCrefClear) refers to stm32f4xx_hal_tim.o(i.TIM_ETR_SetConfig) for TIM_ETR_SetConfig
    stm32f4xx_hal_tim.o(i.HAL_TIM_DMABurst_ReadStart) refers to stm32f4xx_hal_dma.o(i.HAL_DMA_Start_IT) for HAL_DMA_Start_IT
    stm32f4xx_hal_tim.o(i.HAL_TIM_DMABurst_ReadStart) refers to stm32f4xx_hal_tim.o(i.TIM_DMAError) for TIM_DMAError
[...]
    Removing stm32f4xx_hal_tim_ex.o(.rev16_text), (4 bytes).
    Removing stm32f4xx_hal_tim_ex.o(.revsh_text), (4 bytes).
    Removing stm32f4xx_hal_tim_ex.o(.rrx_text), (6 bytes).
    Removing stm32f4xx_hal_tim_ex.o(i.HAL_TIMEx_ConfigBreakDeadTime), (66 bytes).
    Removing stm32f4xx_hal_tim_ex.o(i.HAL_TIMEx_ConfigCommutationEvent), (92 bytes).
    Removing stm32f4xx_hal_tim_ex.o(i.HAL_TIMEx_ConfigCommutationEvent_DMA), (124 bytes).
    Removing stm32f4xx_hal_tim_ex.o(i.HAL_TIMEx_ConfigCommutationEvent_IT), (102 bytes).
    Removing stm32f4xx_hal_tim_ex.o(i.HAL_TIMEx_HallSensor_DeInit), (56 bytes).
    Removing stm32f4xx_hal_tim_ex.o(i.HAL_TIMEx_HallSensor_GetState), (6 bytes).
    Removing stm32f4xx_hal_tim_ex.o(i.HAL_TIMEx_HallSensor_Init), (176 bytes).
    Removing stm32f4xx_hal_tim_ex.o(i.HAL_TIMEx_HallSensor_MspDeInit), (2 bytes).
    Removing stm32f4xx_hal_tim_ex.o(i.HAL_TIMEx_HallSensor_MspInit), (2 bytes).
    Removing stm32f4xx_hal_tim_ex.o(i.HAL_TIMEx_HallSensor_Start), (28 bytes).
    Removing stm32f4xx_hal_tim_ex.o(i.HAL_TIMEx_HallSensor_Start_DMA), (104 bytes).
    Removing stm32f4xx_hal_tim_ex.o(i.HAL_TIMEx_HallSensor_Start_IT), (38 bytes).
    Removing stm32f4xx_hal_tim_ex.o(i.HAL_TIMEx_HallSensor_Stop), (46 bytes).
    Removing stm32f4xx_hal_tim_ex.o(i.HAL_TIMEx_HallSensor_Stop_DMA), (56 bytes).
    Removing stm32f4xx_hal_tim_ex.o(i.HAL_TIMEx_HallSensor_Stop_IT), (56 bytes).
    Removing stm32f4xx_hal_tim_ex.o(i.HAL_TIMEx_OCN_Start), (36 bytes).
    Removing stm32f4xx_hal_tim_ex.o(i.HAL_TIMEx_OCN_Start_DMA), (220 bytes).
    Removing stm32f4xx_hal_tim_ex.o(i.HAL_TIMEx_OCN_Start_IT), (96 bytes).
    Removing stm32f4xx_hal_tim_ex.o(i.HAL_TIMEx_OCN_Stop), (68 bytes).
    Removing stm32f4xx_hal_tim_ex.o(i.HAL_TIMEx_OCN_Stop_DMA), (124 bytes).
    Removing stm32f4xx_hal_tim_ex.o(i.HAL_TIMEx_OCN_Stop_IT), (134 bytes).
    Removing stm32f4xx_hal_tim_ex.o(i.HAL_TIMEx_OnePulseN_Start), (26 bytes).
    Removing stm32f4xx_hal_tim_ex.o(i.HAL_TIMEx_OnePulseN_Start_IT), (46 bytes).
    Removing stm32f4xx_hal_tim_ex.o(i.HAL_TIMEx_OnePulseN_Stop), (68 bytes).
    Removing stm32f4xx_hal_tim_ex.o(i.HAL_TIMEx_OnePulseN_Stop_IT), (88 bytes).
    Removing stm32f4xx_hal_tim_ex.o(i.HAL_TIMEx_PWMN_Start), (36 bytes).
    Removing stm32f4xx_hal_tim_ex.o(i.HAL_TIMEx_PWMN_Start_DMA), (220 bytes).
    Removing stm32f4xx_hal_tim_ex.o(i.HAL_TIMEx_PWMN_Start_IT), (96 bytes).
    Removing stm32f4xx_hal_tim_ex.o(i.HAL_TIMEx_PWMN_Stop), (68 bytes).
    Removing stm32f4xx_hal_tim_ex.o(i.HAL_TIMEx_PWMN_Stop_DMA), (124 bytes).
    Removing stm32f4xx_hal_tim_ex.o(i.HAL_TIMEx_PWMN_Stop_IT), (134 bytes).
    Removing stm32f4xx_hal_tim_ex.o(i.HAL_TIMEx_RemapConfig), (34 bytes).
    Removing stm32f4xx_hal_tim_ex.o(i.TIMEx_DMACommutationCplt), (16 bytes).
    Removing stm32f4xx_hal_tim_ex.o(i.TIM_CCxNChannelCmd), (22 bytes).
    Removing stm32f4xx_hal_gpio.o(.rev16_text), (4 bytes).
    Removing stm32f4xx_hal_gpio.o(.revsh_text), (4 bytes).
    Removing stm32f4xx_hal_gpio.o(.rrx_text), (6 bytes).
    Removing stm32f4xx_hal_gpio.o(i.HAL_GPIO_EXTI_Callback), (2 bytes).
    Removing stm32f4xx_hal_gpio.o(i.HAL_GPIO_EXTI_IRQHandler), (24 bytes).
    Removing stm32f4xx_hal_gpio.o(i.HAL_GPIO_LockPin), (34 bytes).
    Removing stm32f4xx_hal_gpio.o(i.HAL_GPIO_ReadPin), (10 bytes).
    Removing stm32f4xx_hal_gpio.o(i.HAL_GPIO_TogglePin), (8 bytes).
    Removing stm32f4xx_hal_i2c.o(.rev16_text), (4 bytes).
    Removing stm32f4xx_hal_i2c.o(.revsh_text), (4 bytes).
    Removing stm32f4xx_hal_i2c.o(.rrx_text), (6 bytes).
    Removing stm32f4xx_hal_i2c.o(i.HAL_I2C_AbortCpltCallback), (2 bytes).
    Removing stm32f4xx_hal_i2c.o(i.HAL_I2C_AddrCallback), (2 bytes).
    Removing stm32f4xx_hal_i2c.o(i.HAL_I2C_DisableListen_IT), (68 bytes).
    Removing stm32f4xx_hal_i2c.o(i.HAL_I2C_ER_IRQHandler), (196 bytes).
    Removing stm32f4xx_hal_i2c.o(i.HAL_I2C_EV_IRQHandler), (496 bytes).
    Removing stm32f4xx_hal_i2c.o(i.HAL_I2C_EnableListen_IT), (58 bytes).
    Removing stm32f4xx_hal_i2c.o(i.HAL_I2C_ErrorCallback), (2 bytes).
    Removing stm32f4xx_hal_i2c.o(i.HAL_I2C_GetError), (4 bytes).
    Removing stm32f4xx_hal_i2c.o(i.HAL_I2C_GetMode), (6 bytes).
    Removing stm32f4xx_hal_i2c.o(i.HAL_I2C_IsDeviceReady), (352 bytes).
    Removing stm32f4xx_hal_i2c.o(i.HAL_I2C_ListenCpltCallback), (2 bytes).
    Removing stm32f4xx_hal_i2c.o(i.HAL_I2C_MasterRxCpltCallback), (2 bytes).
    Removing stm32f4xx_hal_i2c.o(i.HAL_I2C_MasterTxCpltCallback), (2 bytes).
    Removing stm32f4xx_hal_i2c.o(i.HAL_I2C_Master_Abort_IT), (86 bytes).
    Removing stm32f4xx_hal_i2c.o(i.HAL_I2C_Master_Receive), (488 bytes).
    Removing stm32f4xx_hal_i2c.o(i.HAL_I2C_Master_Receive_DMA), (296 bytes).
    Removing stm32f4xx_hal_i2c.o(i.HAL_I2C_Master_Receive_IT), (188 bytes).
    Removing stm32f4xx_hal_i2c.o(i.HAL_I2C_Master_Sequential_Receive_IT), (224 bytes).
    Removing stm32f4xx_hal_i2c.o(i.HAL_I2C_Master_Sequential_Transmit_IT), (204 bytes).
    Removing stm32f4xx_hal_i2c.o(i.HAL_I2C_Master_Transmit), (312 bytes).
    Removing stm32f4xx_hal_i2c.o(i.HAL_I2C_Master_Transmit_DMA), (296 bytes).
    Removing stm32f4xx_hal_i2c.o(i.HAL_I2C_Master_Transmit_IT), (180 bytes).
    Removing stm32f4xx_hal_i2c.o(i.HAL_I2C_MemRxCpltCallback), (2 bytes).
    Removing stm32f4xx_hal_i2c.o(i.HAL_I2C_MemTxCpltCallback), (2 bytes).
    Removing stm32f4xx_hal_i2c.o(i.HAL_I2C_Mem_Read_DMA), (376 bytes).
    Removing stm32f4xx_hal_i2c.o(i.HAL_I2C_Mem_Read_IT), (216 bytes).
    Removing stm32f4xx_hal_i2c.o(i.HAL_I2C_Mem_Write_DMA), (292 bytes).
    Removing stm32f4xx_hal_i2c.o(i.HAL_I2C_Mem_Write_IT), (204 bytes).
    Removing stm32f4xx_hal_i2c.o(i.HAL_I2C_MspDeInit), (2 bytes).
    Removing stm32f4xx_hal_i2c.o(i.HAL_I2C_MspInit), (2 bytes).
    Removing stm32f4xx_hal_i2c.o(i.HAL_I2C_SlaveRxCpltCallback), (2 bytes).
    Removing stm32f4xx_hal_i2c.o(i.HAL_I2C_SlaveTxCpltCallback), (2 bytes).
    Removing stm32f4xx_hal_i2c.o(i.HAL_I2C_Slave_Receive), (380 bytes).
    Removing stm32f4xx_hal_i2c.o(i.HAL_I2C_Slave_Receive_DMA), (244 bytes).
    Removing stm32f4xx_hal_i2c.o(i.HAL_I2C_Slave_Receive_IT), (180 bytes).
    Removing stm32f4xx_hal_i2c.o(i.HAL_I2C_Slave_Sequential_Receive_IT), (114 bytes).
    Removing stm32f4xx_hal_i2c.o(i.HAL_I2C_Slave_Sequential_Transmit_IT), (114 bytes).
    Removing stm32f4xx_hal_i2c.o(i.HAL_I2C_Slave_Transmit), (356 bytes).
    Removing stm32f4xx_hal_i2c.o(i.HAL_I2C_Slave_Transmit_DMA), (244 bytes).
    Removing stm32f4xx_hal_i2c.o(i.HAL_I2C_Slave_Transmit_IT), (184 bytes).
    Removing stm32f4xx_hal_i2c.o(i.I2C_DMAAbort), (78 bytes).
    Removing stm32f4xx_hal_i2c.o(i.I2C_DMAError), (52 bytes).
    Removing stm32f4xx_hal_i2c.o(i.I2C_DMAXferCplt), (134 bytes).
    Removing stm32f4xx_hal_i2c.o(i.I2C_ITError), (292 bytes).
    Removing stm32f4xx_hal_i2c.o(i.I2C_MasterReceive_BTF), (196 bytes).
    Removing stm32f4xx_hal_i2c.o(i.I2C_MasterReceive_RXNE), (182 bytes).
    Removing stm32f4xx_hal_i2c.o(i.I2C_MasterRequestRead), (222 bytes).
    Removing stm32f4xx_hal_i2c.o(i.I2C_MasterRequestWrite), (148 bytes).
    Removing stm32f4xx_hal_i2c.o(i.I2C_MasterTransmit_BTF), (128 bytes).
    Removing stm32f4xx_hal_i2c.o(i.I2C_MasterTransmit_TXE), (264 bytes).
    Removing stm32f4xx_hal_i2c.o(i.I2C_Master_ADDR), (244 bytes).
    Removing stm32f4xx_hal_i2c.o(i.I2C_Master_SB), (90 bytes).
    Removing stm32f4xx_hal_i2c.o(i.I2C_Slave_AF), (132 bytes).
    Removing stm32f4xx_hal_i2c.o(i.I2C_Slave_STOPF), (220 bytes).
    Removing stm32f4xx_hal_i2c_ex.o(.rev16_text), (4 bytes).
    Removing stm32f4xx_hal_i2c_ex.o(.revsh_text), (4 bytes).
    Removing stm32f4xx_hal_i2c_ex.o(.rrx_text), (6 bytes).
    Removing stm32f4xx_hal_i2c_ex.o(i.HAL_I2CEx_ConfigAnalogFilter), (66 bytes).
    Removing stm32f4xx_hal_i2c_ex.o(i.HAL_I2CEx_ConfigDigitalFilter), (62 bytes).
    Removing main.o(.rev16_text), (4 bytes).
    Removing main.o(.revsh_text), (4 bytes).
    Removing main.o(.rrx_text), (6 bytes).
    Removing main.o(i.Error_Handler), (2 bytes).
    Removing stm32f4xx_it.o(.rev16_text), (4 bytes).
    Removing stm32f4xx_it.o(.revsh_text), (4 bytes).
    Removing stm32f4xx_it.o(.rrx_text), (6 bytes).
    Removing stm32f4xx_hal_msp.o(.rev16_text), (4 bytes).
    Removing stm32f4xx_hal_msp.o(.revsh_text), (4 bytes).
    Removing stm32f4xx_hal_msp.o(.rrx_text), (6 bytes).
    Removing stm32f4xx_hal_msp.o(i.HAL_TIM_Base_MspDeInit), (32 bytes).
    Removing sensor.o(.rev16_text), (4 bytes).
    Removing sensor.o(.revsh_text), (4 bytes).
    Removing sensor.o(.rrx_text), (6 bytes).
    Removing l3gd20.o(i.L3GD20_GetDataStatus), (18 bytes).
    Removing stm32f411e_discovery_gyroscope.o(.rev16_text), (4 bytes).
    Removing stm32f411e_discovery_gyroscope.o(.revsh_text), (4 bytes).
    Removing stm32f411e_discovery_gyroscope.o(.rrx_text), (6 bytes).
    Removing stm32f411e_discovery_gyroscope.o(i.BSP_GYRO_DisableIT), (20 bytes).
    Removing stm32f411e_discovery_gyroscope.o(i.BSP_GYRO_EnableIT), (20 bytes).
    Removing stm32f411e_discovery_gyroscope.o(i.BSP_GYRO_GetXYZ), (20 bytes).
    Removing stm32f411e_discovery_gyroscope.o(i.BSP_GYRO_ITConfig), (40 bytes).
    Removing stm32f411e_discovery_gyroscope.o(i.BSP_GYRO_ReadID), (20 bytes).
    Removing stm32f411e_discovery_gyroscope.o(i.BSP_GYRO_Reset), (20 bytes).
    Removing stm32f411e_discovery.o(.rev16_text), (4 bytes).
    Removing stm32f411e_discovery.o(.revsh_text), (4 bytes).
    Removing stm32f411e_discovery.o(.rrx_text), (6 bytes).
    Removing stm32f411e_discovery.o(i.AUDIO_IO_DeInit), (2 bytes).
    Removing stm32f411e_discovery.o(i.AUDIO_IO_Init), (96 bytes).
    Removing stm32f411e_discovery.o(i.AUDIO_IO_Read), (4 bytes).
    Removing stm32f411e_discovery.o(i.AUDIO_IO_Write), (4 bytes).
    Removing stm32f411e_discovery.o(i.BSP_GetVersion), (6 bytes).
    Removing stm32f411e_discovery.o(i.BSP_LED_Init), (100 bytes).
    Removing stm32f411e_discovery.o(i.BSP_LED_Off), (28 bytes).
    Removing stm32f411e_discovery.o(i.BSP_LED_On), (28 bytes).
    Removing stm32f411e_discovery.o(i.BSP_LED_Toggle), (24 bytes).
    Removing stm32f411e_discovery.o(i.BSP_PB_GetState), (24 bytes).
    Removing stm32f411e_discovery.o(i.BSP_PB_Init), (128 bytes).
    Removing stm32f411e_discovery.o(.constdata), (12 bytes).
    Removing stm32f411e_discovery_accelerometer.o(.rev16_text), (4 bytes).
    Removing stm32f411e_discovery_accelerometer.o(.revsh_text), (4 bytes).
    Removing stm32f411e_discovery_accelerometer.o(.rrx_text), (6 bytes).
    Removing stm32f411e_discovery_accelerometer.o(i.BSP_ACCELERO_Click_ITConfig), (20 bytes).
    Removing stm32f411e_discovery_accelerometer.o(i.BSP_ACCELERO_GetXYZ), (48 bytes).
    Removing stm32f411e_discovery_accelerometer.o(i.BSP_ACCELERO_Reset), (20 bytes).
    Removing lsm303dlhc.o(i.LSM303DLHC_AccClickITDisable), (28 bytes).
    Removing lsm303dlhc.o(i.LSM303DLHC_AccINT1InterruptDisable), (32 bytes).
    Removing lsm303dlhc.o(i.LSM303DLHC_AccINT1InterruptEnable), (34 bytes).
    Removing lsm303dlhc.o(i.LSM303DLHC_AccINT2InterruptDisable), (32 bytes).
    Removing lsm303dlhc.o(i.LSM303DLHC_AccINT2InterruptEnable), (34 bytes).
    Removing lsm303dlhc.o(i.LSM303DLHC_AccIT1Disable), (28 bytes).
    Removing lsm303dlhc.o(i.LSM303DLHC_AccIT2Disable), (28 bytes).
    Removing lsm303dlhc.o(i.LSM303DLHC_AccIT2Enable), (28 bytes).
    Removing lsm303dlhc.o(i.LSM303DLHC_MagInit), (24 bytes).
    Removing lsm303dlhc_driver.o(i.LSM303DLHC_MagReadXYZ), (108 bytes).
    Removing lsm303dlhc_driver.o(i.ReadReg), (4 bytes).
    Removing lsm303dlhc_driver.o(i.SetGainMag), (26 bytes).
    Removing lsm303dlhc_driver.o(i.SetMode), (100 bytes).
    Removing lsm303dlhc_driver.o(i.SetModeMag), (20 bytes).
    Removing lsm303dlhc_driver.o(i.SetODR_M), (28 bytes).
    Removing lsm303dlhc_driver.o(i.SetTemperature), (28 bytes).
    Removing lsm303dlhc_driver.o(i.WriteReg), (10 bytes).
    Removing lsm303dlhc_driver.o(.data), (1 bytes).
    Removing dneg.o(.text), (6 bytes).

467 unused section(s) (total 32963 bytes) removed from the image.

==============================================================================

Image Symbol Table

    Local Symbols

    Symbol Name                              Value     Ov Type        Size  Object(Section)

    ../Drivers/STM32F4xx_HAL_Driver/Src/stm32f4xx_hal.c 0x00000000   Number         0  stm32f4xx_hal.o ABSOLUTE
    ../Drivers/STM32F4xx_HAL_Driver/Src/stm32f4xx_hal_cortex.c 0x00000000   Number         0  stm32f4xx_hal_cortex.o ABSOLUTE
    ../Drivers/STM32F4xx_HAL_Driver/Src/stm32f4xx_hal_dma.c 0x00000000   Number         0  stm32f4xx_hal_dma.o ABSOLUTE
    ../Drivers/STM32F4xx_HAL_Driver/Src/stm32f4xx_hal_dma_ex.c 0x00000000   Number         0  stm32f4xx_hal_dma_ex.o ABSOLUTE
    ../Drivers/STM32F4xx_HAL_Driver/Src/stm32f4xx_hal_flash.c 0x00000000   Number         0  stm32f4xx_hal_flash.o ABSOLUTE
    ../Drivers/STM32F4xx_HAL_Driver/Src/stm32f4xx_hal_flash_ex.c 0x00000000   Number         0  stm32f4xx_hal_flash_ex.o ABSOLUTE
    ../Drivers/STM32F4xx_HAL_Driver/Src/stm32f4xx_hal_flash_ramfunc.c 0x00000000   Number         0  stm32f4xx_hal_flash_ramfunc.o ABSOLUTE
    ../Drivers/STM32F4xx_HAL_Driver/Src/stm32f4xx_hal_gpio.c 0x00000000   Number         0  stm32f4xx_hal_gpio.o ABSOLUTE
    ../Drivers/STM32F4xx_HAL_Driver/Src/stm32f4xx_hal_i2c.c 0x00000000   Number         0  stm32f4xx_hal_i2c.o ABSOLUTE
    ../Drivers/STM32F4xx_HAL_Driver/Src/stm32f4xx_hal_i2c_ex.c 0x00000000   Number         0  stm32f4xx_hal_i2c_ex.o ABSOLUTE
    ../Drivers/STM32F4xx_HAL_Driver/Src/stm32f4xx_hal_pwr.c 0x00000000   Number         0  stm32f4xx_hal_pwr.o ABSOLUTE
    ../Drivers/STM32F4xx_HAL_Driver/Src/stm32f4xx_hal_pwr_ex.c 0x00000000   Number         0  stm32f4xx_hal_pwr_ex.o ABSOLUTE
    ../Drivers/STM32F4xx_HAL_Driver/Src/stm32f4xx_hal_rcc.c 0x00000000   Number         0  stm32f4xx_hal_rcc.o ABSOLUTE
    ../Drivers/STM32F4xx_HAL_Driver/Src/stm32f4xx_hal_rcc_ex.c 0x00000000   Number         0  stm32f4xx_hal_rcc_ex.o ABSOLUTE
    ../Drivers/STM32F4xx_HAL_Driver/Src/stm32f4xx_hal_spi.c 0x00000000   Number         0  stm32f4xx_hal_spi.o ABSOLUTE
    ../Drivers/STM32F4xx_HAL_Driver/Src/stm32f4xx_hal_tim.c 0x00000000   Number         0  stm32f4xx_hal_tim.o ABSOLUTE
    ../Drivers/STM32F4xx_HAL_Driver/Src/stm32f4xx_hal_tim_ex.c 0x00000000   Number         0  stm32f4xx_hal_tim_ex.o ABSOLUTE
    ../Src/main.c                            0x00000000   Number         0  main.o ABSOLUTE
    ../Src/stm32f4xx_hal_msp.c               0x00000000   Number         0  stm32f4xx_hal_msp.o ABSOLUTE
    ../Src/stm32f4xx_it.c                    0x00000000   Number         0  stm32f4xx_it.o ABSOLUTE
    ../Src/system_stm32f4xx.c                0x00000000   Number         0  system_stm32f4xx.o ABSOLUTE
    ../clib/microlib/errno.c                 0x00000000   Number         0  errno.o ABSOLUTE
    ../clib/microlib/init/entry.s            0x00000000   Number         0  entry10a.o ABSOLUTE
    ../clib/microlib/init/entry.s            0x00000000   Number         0  entry9b.o ABSOLUTE
    ../clib/microlib/init/entry.s            0x00000000   Number         0  entry8b.o ABSOLUTE
    ../clib/microlib/init/entry.s            0x00000000   Number         0  entry.o ABSOLUTE
    ../clib/microlib/init/entry.s            0x00000000   Number         0  entry5.o ABSOLUTE
    ../clib/microlib/init/entry.s            0x00000000   Number         0  entry2.o ABSOLUTE
    ../clib/microlib/init/entry.s            0x00000000   Number         0  entry7a.o ABSOLUTE
    ../clib/microlib/init/entry.s            0x00000000   Number         0  entry7b.o ABSOLUTE
    ../clib/microlib/init/entry.s            0x00000000   Number         0  entry11b.o ABSOLUTE
    ../clib/microlib/init/entry.s            0x00000000   Number         0  entry9a.o ABSOLUTE
    ../clib/microlib/init/entry.s            0x00000000   Number         0  entry11a.o ABSOLUTE
    ../clib/microlib/init/entry.s            0x00000000   Number         0  entry8a.o ABSOLUTE
    ../clib/microlib/init/entry.s            0x00000000   Number         0  entry10b.o ABSOLUTE
    ../clib/microlib/longlong.c              0x00000000   Number         0  llsshr.o ABSOLUTE
    ../clib/microlib/longlong.c              0x00000000   Number         0  llushr.o ABSOLUTE
    ../clib/microlib/longlong.c              0x00000000   Number         0  llshl.o ABSOLUTE
    ../clib/microlib/stubs.s                 0x00000000   Number         0  iusefp.o ABSOLUTE
    ../fplib/microlib/fpadd.c                0x00000000   Number         0  dadd.o ABSOLUTE
    ../fplib/microlib/fpdiv.c                0x00000000   Number         0  ddiv.o ABSOLUTE
    ../fplib/microlib/fpepilogue.c           0x00000000   Number         0  depilogue.o ABSOLUTE
    ../fplib/microlib/fpflt.c                0x00000000   Number         0  dflti.o ABSOLUTE
    ../fplib/microlib/fpmul.c                0x00000000   Number         0  dmul.o ABSOLUTE
    ../fplib/microlib/fpneg.c                0x00000000   Number         0  dneg.o ABSOLUTE
    ../mathlib/atan.c                        0x00000000   Number         0  atan.o ABSOLUTE
    ../mathlib/atan.c                        0x00000000   Number         0  atan_x.o ABSOLUTE
    ../mathlib/atan2.c                       0x00000000   Number         0  atan2.o ABSOLUTE
    ../mathlib/atan2.c                       0x00000000   Number         0  atan2_x.o ABSOLUTE
    ../mathlib/dunder.c                      0x00000000   Number         0  dunder.o ABSOLUTE
    ../mathlib/fabs.c                        0x00000000   Number         0  fabs.o ABSOLUTE
    ../mathlib/fpclassify.c                  0x00000000   Number         0  fpclassify.o ABSOLUTE
    ../mathlib/poly.c                        0x00000000   Number         0  poly.o ABSOLUTE
    ../mathlib/qnan.c                        0x00000000   Number         0  qnan.o ABSOLUTE
    ..\2.10.0\Drivers\BSP\Components\l3gd20\l3gd20.c 0x00000000   Number         0  l3gd20.o ABSOLUTE
    ..\2.10.0\Drivers\BSP\Components\lsm303dlhc\lsm303dlhc.c 0x00000000   Number         0  lsm303dlhc.o ABSOLUTE
    ..\2.10.0\Drivers\BSP\STM32F411E-Discovery\stm32f411e_discovery.c 0x00000000   Number         0  stm32f411e_discovery.o ABSOLUTE
    ..\2.10.0\Drivers\BSP\STM32F411E-Discovery\stm32f411e_discovery_accelerometer.c 0x00000000   Number         0  stm32f411e_discovery_accelerometer.o ABSOLUTE
    ..\2.10.0\Drivers\BSP\STM32F411E-Discovery\stm32f411e_discovery_gyroscope.c 0x00000000   Number         0  stm32f411e_discovery_gyroscope.o ABSOLUTE
    ..\2.10.0\Drivers\BSP\lsm303dlhc_driver.c 0x00000000   Number         0  lsm303dlhc_driver.o ABSOLUTE
    ..\Drivers\STM32F4xx_HAL_Driver\Src\stm32f4xx_hal.c 0x00000000   Number         0  stm32f4xx_hal.o ABSOLUTE
    ..\Drivers\STM32F4xx_HAL_Driver\Src\stm32f4xx_hal_cortex.c 0x00000000   Number         0  stm32f4xx_hal_cortex.o ABSOLUTE
    ..\Drivers\STM32F4xx_HAL_Driver\Src\stm32f4xx_hal_dma.c 0x00000000   Number         0  stm32f4xx_hal_dma.o ABSOLUTE
    ..\Drivers\STM32F4xx_HAL_Driver\Src\stm32f4xx_hal_dma_ex.c 0x00000000   Number         0  stm32f4xx_hal_dma_ex.o ABSOLUTE
    ..\Drivers\STM32F4xx_HAL_Driver\Src\stm32f4xx_hal_flash.c 0x00000000   Number         0  stm32f4xx_hal_flash.o ABSOLUTE
    ..\Drivers\STM32F4xx_HAL_Driver\Src\stm32f4xx_hal_flash_ex.c 0x00000000   Number         0  stm32f4xx_hal_flash_ex.o ABSOLUTE
    ..\Drivers\STM32F4xx_HAL_Driver\Src\stm32f4xx_hal_flash_ramfunc.c 0x00000000   Number         0  stm32f4xx_hal_flash_ramfunc.o ABSOLUTE
    ..\Drivers\STM32F4xx_HAL_Driver\Src\stm32f4xx_hal_gpio.c 0x00000000   Number         0  stm32f4xx_hal_gpio.o ABSOLUTE
    ..\Drivers\STM32F4xx_HAL_Driver\Src\stm32f4xx_hal_i2c.c 0x00000000   Number         0  stm32f4xx_hal_i2c.o ABSOLUTE
    ..\Drivers\STM32F4xx_HAL_Driver\Src\stm32f4xx_hal_i2c_ex.c 0x00000000   Number         0  stm32f4xx_hal_i2c_ex.o ABSOLUTE
    ..\Drivers\STM32F4xx_HAL_Driver\Src\stm32f4xx_hal_pwr.c 0x00000000   Number         0  stm32f4xx_hal_pwr.o ABSOLUTE
    ..\Drivers\STM32F4xx_HAL_Driver\Src\stm32f4xx_hal_pwr_ex.c 0x00000000   Number         0  stm32f4xx_hal_pwr_ex.o ABSOLUTE
    ..\Drivers\STM32F4xx_HAL_Driver\Src\stm32f4xx_hal_rcc.c 0x00000000   Number         0  stm32f4xx_hal_rcc.o ABSOLUTE
    ..\Drivers\STM32F4xx_HAL_Driver\Src\stm32f4xx_hal_rcc_ex.c 0x00000000   Number         0  stm32f4xx_hal_rcc_ex.o ABSOLUTE
    ..\Drivers\STM32F4xx_HAL_Driver\Src\stm32f4xx_hal_spi.c 0x00000000   Number         0  stm32f4xx_hal_spi.o ABSOLUTE
    ..\Drivers\STM32F4xx_HAL_Driver\Src\stm32f4xx_hal_tim.c 0x00000000   Number         0  stm32f4xx_hal_tim.o ABSOLUTE
    ..\Drivers\STM32F4xx_HAL_Driver\Src\stm32f4xx_hal_tim_ex.c 0x00000000   Number         0  stm32f4xx_hal_tim_ex.o ABSOLUTE
    ..\Src\main.c                            0x00000000   Number         0  main.o ABSOLUTE
    ..\Src\stm32f4xx_hal_msp.c               0x00000000   Number         0  stm32f4xx_hal_msp.o ABSOLUTE
    ..\Src\stm32f4xx_it.c                    0x00000000   Number         0  stm32f4xx_it.o ABSOLUTE
    ..\Src\system_stm32f4xx.c                0x00000000   Number         0  system_stm32f4xx.o ABSOLUTE
    ..\\2.10.0\\Drivers\\BSP\\STM32F411E-Discovery\\stm32f411e_discovery.c 0x00000000   Number         0  stm32f411e_discovery.o ABSOLUTE
    ..\\2.10.0\\Drivers\\BSP\\STM32F411E-Discovery\\stm32f411e_discovery_accelerometer.c 0x00000000   Number         0  stm32f411e_discovery_accelerometer.o ABSOLUTE
    ..\\2.10.0\\Drivers\\BSP\\STM32F411E-Discovery\\stm32f411e_discovery_gyroscope.c 0x00000000   Number         0  stm32f411e_discovery_gyroscope.o ABSOLUTE
    dc.s                                     0x00000000   Number         0  dc.o ABSOLUTE
    handlers.s                               0x00000000   Number         0  handlers.o ABSOLUTE
    init.s                                   0x00000000   Number         0  init.o ABSOLUTE
    sensor.c                                 0x00000000   Number         0  sensor.o ABSOLUTE
    sensor.c                                 0x00000000   Number         0  sensor.o ABSOLUTE
    startup_stm32f411xe.s                    0x00000000   Number         0  startup_stm32f411xe.o ABSOLUTE
    RESET                                    0x08000000   Section      408  startup_stm32f411xe.o(RESET)
    .ARM.Collect$$$$00000000                 0x08000198   Section        0  entry.o(.ARM.Collect$$$$00000000)
    .ARM.Collect$$$$00000001                 0x08000198   Section        4  entry2.o(.ARM.Collect$$$$00000001)
    .ARM.Collect$$$$00000004                 0x0800019c   Section        4  entry5.o(.ARM.Collect$$$$00000004)
    .ARM.Collect$$$$00000008                 0x080001a0   Section        0  entry7b.o(.ARM.Collect$$$$00000008)
    .ARM.Collect$$$$0000000A                 0x080001a0   Section        0  entry8b.o(.ARM.Collect$$$$0000000A)
    .ARM.Collect$$$$0000000B                 0x080001a0   Section        8  entry9a.o(.ARM.Collect$$$$0000000B)
    .ARM.Collect$$$$0000000D                 0x080001a8   Section        0  entry10a.o(.ARM.Collect$$$$0000000D)
    .ARM.Collect$$$$0000000F                 0x080001a8   Section        0  entry11a.o(.ARM.Collect$$$$0000000F)
    .ARM.Collect$$$$00002712                 0x080001a8   Section        4  entry2.o(.ARM.Collect$$$$00002712)
    __lit__00000000                          0x080001a8   Data           4  entry2.o(.ARM.Collect$$$$00002712)
    .text                                    0x080001ac   Section       36  startup_stm32f411xe.o(.text)
    $v0                                      0x080001ac   Number         0  startup_stm32f411xe.o(.text)
    .text                                    0x080001d0   Section        0  dmul.o(.text)
    .text                                    0x080002b4   Section        0  ddiv.o(.text)
    .text                                    0x08000392   Section        0  dflti.o(.text)
    .text                                    0x080003b4   Section        0  depilogue.o(.text)
    .text                                    0x080003b4   Section        0  iusefp.o(.text)
    .text                                    0x0800046e   Section        0  dadd.o(.text)
    .text                                    0x080005bc   Section       36  init.o(.text)
    .text                                    0x080005e0   Section        0  llshl.o(.text)
    .text                                    0x080005fe   Section        0  llushr.o(.text)
    .text                                    0x0800061e   Section        0  llsshr.o(.text)
    i.BSP_ACCELERO_Init                      0x08000644   Section        0  stm32f411e_discovery_accelerometer.o(i.BSP_ACCELERO_Init)
    i.BSP_GYRO_Init                          0x08000674   Section        0  stm32f411e_discovery_gyroscope.o(i.BSP_GYRO_Init)
    i.BusFault_Handler                       0x080006b8   Section        0  stm32f4xx_it.o(i.BusFault_Handler)
    i.COMPASSACCELERO_IO_ITConfig            0x080006bc   Section        0  stm32f411e_discovery.o(i.COMPASSACCELERO_IO_ITConfig)
    i.COMPASSACCELERO_IO_Init                0x0800070c   Section        0  stm32f411e_discovery.o(i.COMPASSACCELERO_IO_Init)
    i.COMPASSACCELERO_IO_Read                0x08000748   Section        0  stm32f411e_discovery.o(i.COMPASSACCELERO_IO_Read)
    i.COMPASSACCELERO_IO_Write               0x0800074c   Section        0  stm32f411e_discovery.o(i.COMPASSACCELERO_IO_Write)
    i.DebugMon_Handler                       0x08000750   Section        0  stm32f4xx_it.o(i.DebugMon_Handler)
    i.GYRO_Calib                             0x08000754   Section        0  sensor.o(i.GYRO_Calib)
    i.GYRO_IO_Init                           0x080007b8   Section        0  stm32f411e_discovery.o(i.GYRO_IO_Init)
    i.GYRO_IO_Read                           0x08000824   Section        0  stm32f411e_discovery.o(i.GYRO_IO_Read)
    i.GYRO_IO_Write                          0x08000874   Section        0  stm32f411e_discovery.o(i.GYRO_IO_Write)
    i.HAL_Delay                              0x080008bc   Section        0  stm32f4xx_hal.o(i.HAL_Delay)
    i.HAL_GPIO_DeInit                        0x080008d4   Section        0  stm32f4xx_hal_gpio.o(i.HAL_GPIO_DeInit)
    i.HAL_GPIO_Init                          0x080009e4   Section        0  stm32f4xx_hal_gpio.o(i.HAL_GPIO_Init)
    i.HAL_GPIO_WritePin                      0x08000b6c   Section        0  stm32f4xx_hal_gpio.o(i.HAL_GPIO_WritePin)
    i.HAL_GetTick                            0x08000b78   Section        0  stm32f4xx_hal.o(i.HAL_GetTick)
    i.HAL_I2C_DeInit                         0x08000b84   Section        0  stm32f4xx_hal_i2c.o(i.HAL_I2C_DeInit)
    i.HAL_I2C_GetState                       0x08000bb6   Section        0  stm32f4xx_hal_i2c.o(i.HAL_I2C_GetState)
    i.HAL_I2C_Init                           0x08000bbc   Section        0  stm32f4xx_hal_i2c.o(i.HAL_I2C_Init)
    i.HAL_I2C_Mem_Read                       0x08000cc4   Section        0  stm32f4xx_hal_i2c.o(i.HAL_I2C_Mem_Read)
    i.HAL_I2C_Mem_Write                      0x08000ec0   Section        0  stm32f4xx_hal_i2c.o(i.HAL_I2C_Mem_Write)
    i.HAL_I2C_MspDeInit                      0x08000ffc   Section        0  stm32f4xx_hal_msp.o(i.HAL_I2C_MspDeInit)
    i.HAL_I2C_MspInit                        0x08001028   Section        0  stm32f4xx_hal_msp.o(i.HAL_I2C_MspInit)
    i.HAL_IncTick                            0x08001074   Section        0  stm32f4xx_hal.o(i.HAL_IncTick)
    i.HAL_Init                               0x08001084   Section        0  stm32f4xx_hal.o(i.HAL_Init)
    i.HAL_InitTick                           0x080010b8   Section        0  stm32f4xx_hal.o(i.HAL_InitTick)
    i.HAL_MspInit                            0x080010e0   Section        0  stm32f4xx_hal_msp.o(i.HAL_MspInit)
    i.HAL_NVIC_EnableIRQ                     0x08001138   Section        0  stm32f4xx_hal_cortex.o(i.HAL_NVIC_EnableIRQ)
    i.HAL_NVIC_SetPriority                   0x08001150   Section        0  stm32f4xx_hal_cortex.o(i.HAL_NVIC_SetPriority)
    i.HAL_NVIC_SetPriorityGrouping           0x08001190   Section        0  stm32f4xx_hal_cortex.o(i.HAL_NVIC_SetPriorityGrouping)
    i.HAL_RCC_ClockConfig                    0x080011b4   Section        0  stm32f4xx_hal_rcc.o(i.HAL_RCC_ClockConfig)
    i.HAL_RCC_GetHCLKFreq                    0x08001330   Section        0  stm32f4xx_hal_rcc.o(i.HAL_RCC_GetHCLKFreq)
    i.HAL_RCC_GetPCLK1Freq                   0x0800133c   Section        0  stm32f4xx_hal_rcc.o(i.HAL_RCC_GetPCLK1Freq)
    i.HAL_RCC_GetSysClockFreq                0x0800136c   Section        0  stm32f4xx_hal_rcc.o(i.HAL_RCC_GetSysClockFreq)
    i.HAL_RCC_OscConfig                      0x080013dc   Section        0  stm32f4xx_hal_rcc.o(i.HAL_RCC_OscConfig)
    i.HAL_SPI_DeInit                         0x080016f0   Section        0  stm32f4xx_hal_spi.o(i.HAL_SPI_DeInit)
    i.HAL_SPI_GetState                       0x0800171e   Section        0  stm32f4xx_hal_spi.o(i.HAL_SPI_GetState)
    i.HAL_SPI_Init                           0x08001724   Section        0  stm32f4xx_hal_spi.o(i.HAL_SPI_Init)
    i.HAL_SPI_MspDeInit                      0x080017a4   Section        0  stm32f4xx_hal_msp.o(i.HAL_SPI_MspDeInit)
    i.HAL_SPI_MspInit                        0x080017cc   Section        0  stm32f4xx_hal_msp.o(i.HAL_SPI_MspInit)
    i.HAL_SPI_TransmitReceive                0x08001818   Section        0  stm32f4xx_hal_spi.o(i.HAL_SPI_TransmitReceive)
    i.HAL_SYSTICK_CLKSourceConfig            0x080019f0   Section        0  stm32f4xx_hal_cortex.o(i.HAL_SYSTICK_CLKSourceConfig)
    i.HAL_SYSTICK_Callback                   0x08001a08   Section        0  stm32f4xx_hal_cortex.o(i.HAL_SYSTICK_Callback)
    i.HAL_SYSTICK_Config                     0x08001a0a   Section        0  stm32f4xx_hal_cortex.o(i.HAL_SYSTICK_Config)
    i.HAL_SYSTICK_IRQHandler                 0x08001a32   Section        0  stm32f4xx_hal_cortex.o(i.HAL_SYSTICK_IRQHandler)
    i.HAL_TIMEx_BreakCallback                0x08001a3a   Section        0  stm32f4xx_hal_tim_ex.o(i.HAL_TIMEx_BreakCallback)
    i.HAL_TIMEx_CommutationCallback          0x08001a3c   Section        0  stm32f4xx_hal_tim_ex.o(i.HAL_TIMEx_CommutationCallback)
    i.HAL_TIMEx_MasterConfigSynchronization  0x08001a3e   Section        0  stm32f4xx_hal_tim_ex.o(i.HAL_TIMEx_MasterConfigSynchronization)
    i.HAL_TIM_Base_Init                      0x08001a8e   Section        0  stm32f4xx_hal_tim.o(i.HAL_TIM_Base_Init)
    i.HAL_TIM_Base_MspInit                   0x08001ac4   Section        0  stm32f4xx_hal_msp.o(i.HAL_TIM_Base_MspInit)
    i.HAL_TIM_Base_Start_IT                  0x08001afc   Section        0  stm32f4xx_hal_tim.o(i.HAL_TIM_Base_Start_IT)
    i.HAL_TIM_ConfigClockSource              0x08001b14   Section        0  stm32f4xx_hal_tim.o(i.HAL_TIM_ConfigClockSource)
    i.HAL_TIM_IC_CaptureCallback             0x08001c06   Section        0  stm32f4xx_hal_tim.o(i.HAL_TIM_IC_CaptureCallback)
    i.HAL_TIM_IRQHandler                     0x08001c08   Section        0  stm32f4xx_hal_tim.o(i.HAL_TIM_IRQHandler)
    i.HAL_TIM_OC_DelayElapsedCallback        0x08001d6e   Section        0  stm32f4xx_hal_tim.o(i.HAL_TIM_OC_DelayElapsedCallback)
    i.HAL_TIM_PWM_PulseFinishedCallback      0x08001d70   Section        0  stm32f4xx_hal_tim.o(i.HAL_TIM_PWM_PulseFinishedCallback)
    i.HAL_TIM_PeriodElapsedCallback          0x08001d74   Section        0  main.o(i.HAL_TIM_PeriodElapsedCallback)
    i.HAL_TIM_TriggerCallback                0x08001da8   Section        0  stm32f4xx_hal_tim.o(i.HAL_TIM_TriggerCallback)
    i.HardFault_Handler                      0x08001daa   Section        0  stm32f4xx_it.o(i.HardFault_Handler)
    i.I2C_IsAcknowledgeFailed                0x08001dac   Section        0  stm32f4xx_hal_i2c.o(i.I2C_IsAcknowledgeFailed)
    I2C_IsAcknowledgeFailed                  0x08001dad   Thumb Code    40  stm32f4xx_hal_i2c.o(i.I2C_IsAcknowledgeFailed)
    i.I2C_RequestMemoryRead                  0x08001dd4   Section        0  stm32f4xx_hal_i2c.o(i.I2C_RequestMemoryRead)
    I2C_RequestMemoryRead                    0x08001dd5   Thumb Code   240  stm32f4xx_hal_i2c.o(i.I2C_RequestMemoryRead)
    i.I2C_RequestMemoryWrite                 0x08001ec4   Section        0  stm32f4xx_hal_i2c.o(i.I2C_RequestMemoryWrite)
    I2C_RequestMemoryWrite                   0x08001ec5   Thumb Code   156  stm32f4xx_hal_i2c.o(i.I2C_RequestMemoryWrite)
    i.I2C_WaitOnBTFFlagUntilTimeout          0x08001f64   Section        0  stm32f4xx_hal_i2c.o(i.I2C_WaitOnBTFFlagUntilTimeout)
    I2C_WaitOnBTFFlagUntilTimeout            0x08001f65   Thumb Code    78  stm32f4xx_hal_i2c.o(i.I2C_WaitOnBTFFlagUntilTimeout)
    i.I2C_WaitOnFlagUntilTimeout             0x08001fb2   Section        0  stm32f4xx_hal_i2c.o(i.I2C_WaitOnFlagUntilTimeout)
    I2C_WaitOnFlagUntilTimeout               0x08001fb3   Thumb Code    96  stm32f4xx_hal_i2c.o(i.I2C_WaitOnFlagUntilTimeout)
    i.I2C_WaitOnMasterAddressFlagUntilTimeout 0x08002014   Section        0  stm32f4xx_hal_i2c.o(i.I2C_WaitOnMasterAddressFlagUntilTimeout)
    I2C_WaitOnMasterAddressFlagUntilTimeout  0x08002015   Thumb Code   136  stm32f4xx_hal_i2c.o(i.I2C_WaitOnMasterAddressFlagUntilTimeout)
    i.I2C_WaitOnRXNEFlagUntilTimeout         0x0800209c   Section        0  stm32f4xx_hal_i2c.o(i.I2C_WaitOnRXNEFlagUntilTimeout)
    I2C_WaitOnRXNEFlagUntilTimeout           0x0800209d   Thumb Code    98  stm32f4xx_hal_i2c.o(i.I2C_WaitOnRXNEFlagUntilTimeout)
    i.I2C_WaitOnTXEFlagUntilTimeout          0x080020fe   Section        0  stm32f4xx_hal_i2c.o(i.I2C_WaitOnTXEFlagUntilTimeout)
    I2C_WaitOnTXEFlagUntilTimeout            0x080020ff   Thumb Code    78  stm32f4xx_hal_i2c.o(i.I2C_WaitOnTXEFlagUntilTimeout)
    i.I2Cx_Error                             0x0800214c   Section        0  stm32f411e_discovery.o(i.I2Cx_Error)
    I2Cx_Error                               0x0800214d   Thumb Code    16  stm32f411e_discovery.o(i.I2Cx_Error)
    i.I2Cx_Init                              0x08002160   Section        0  stm32f411e_discovery.o(i.I2Cx_Init)
    I2Cx_Init                                0x08002161   Thumb Code    60  stm32f411e_discovery.o(i.I2Cx_Init)
    i.I2Cx_MspInit                           0x080021a8   Section        0  stm32f411e_discovery.o(i.I2Cx_MspInit)
    I2Cx_MspInit                             0x080021a9   Thumb Code   128  stm32f411e_discovery.o(i.I2Cx_MspInit)
    i.I2Cx_ReadData                          0x08002230   Section        0  stm32f411e_discovery.o(i.I2Cx_ReadData)
    I2Cx_ReadData                            0x08002231   Thumb Code    44  stm32f411e_discovery.o(i.I2Cx_ReadData)
    i.I2Cx_WriteData                         0x08002264   Section        0  stm32f411e_discovery.o(i.I2Cx_WriteData)
    I2Cx_WriteData                           0x08002265   Thumb Code    38  stm32f411e_discovery.o(i.I2Cx_WriteData)
    i.L3GD20_DeInit                          0x08002294   Section        0  l3gd20.o(i.L3GD20_DeInit)
    i.L3GD20_DisableIT                       0x08002296   Section        0  l3gd20.o(i.L3GD20_DisableIT)
    i.L3GD20_EnableIT                        0x080022ce   Section        0  l3gd20.o(i.L3GD20_EnableIT)
    i.L3GD20_FilterCmd                       0x0800230e   Section        0  l3gd20.o(i.L3GD20_FilterCmd)
    i.L3GD20_FilterConfig                    0x08002336   Section        0  l3gd20.o(i.L3GD20_FilterConfig)
    i.L3GD20_INT1InterruptConfig             0x0800235e   Section        0  l3gd20.o(i.L3GD20_INT1InterruptConfig)
    i.L3GD20_Init                            0x080023b0   Section        0  l3gd20.o(i.L3GD20_Init)
    i.L3GD20_LowPower                        0x080023de   Section        0  l3gd20.o(i.L3GD20_LowPower)
    i.L3GD20_ReadID                          0x080023f0   Section        0  l3gd20.o(i.L3GD20_ReadID)
    i.L3GD20_ReadXYZAngRate                  0x08002408   Section        0  l3gd20.o(i.L3GD20_ReadXYZAngRate)
    i.L3GD20_RebootCmd                       0x0800246c   Section        0  l3gd20.o(i.L3GD20_RebootCmd)
    i.LSM303DLHC_AccClickITEnable            0x08002490   Section        0  lsm303dlhc.o(i.LSM303DLHC_AccClickITEnable)
    i.LSM303DLHC_AccDeInit                   0x080024d6   Section        0  lsm303dlhc.o(i.LSM303DLHC_AccDeInit)
    i.LSM303DLHC_AccFilterClickCmd           0x080024d8   Section        0  lsm303dlhc.o(i.LSM303DLHC_AccFilterClickCmd)
    i.LSM303DLHC_AccFilterCmd                0x080024f6   Section        0  lsm303dlhc.o(i.LSM303DLHC_AccFilterCmd)
    i.LSM303DLHC_AccFilterConfig             0x08002514   Section        0  lsm303dlhc.o(i.LSM303DLHC_AccFilterConfig)
    i.LSM303DLHC_AccIT1Enable                0x08002532   Section        0  lsm303dlhc.o(i.LSM303DLHC_AccIT1Enable)
    i.LSM303DLHC_AccInit                     0x0800254e   Section        0  lsm303dlhc.o(i.LSM303DLHC_AccInit)
    i.LSM303DLHC_AccReadID                   0x0800256e   Section        0  lsm303dlhc.o(i.LSM303DLHC_AccReadID)
    i.LSM303DLHC_AccReadXYZ                  0x08002580   Section        0  lsm303dlhc.o(i.LSM303DLHC_AccReadXYZ)
    i.LSM303DLHC_AccRebootCmd                0x0800262c   Section        0  lsm303dlhc.o(i.LSM303DLHC_AccRebootCmd)
    i.LSM303DLHC_AccZClickITConfig           0x08002646   Section        0  lsm303dlhc.o(i.LSM303DLHC_AccZClickITConfig)
    i.MX_GPIO_Init                           0x08002664   Section        0  main.o(i.MX_GPIO_Init)
    MX_GPIO_Init                             0x08002665   Thumb Code   110  main.o(i.MX_GPIO_Init)
    i.MX_SPI1_Init                           0x080026dc   Section        0  main.o(i.MX_SPI1_Init)
    MX_SPI1_Init                             0x080026dd   Thumb Code    56  main.o(i.MX_SPI1_Init)
    i.MemManage_Handler                      0x0800271c   Section        0  stm32f4xx_it.o(i.MemManage_Handler)
    i.NMI_Handler                            0x0800271e   Section        0  stm32f4xx_it.o(i.NMI_Handler)
    i.NVIC_SetPriority                       0x08002720   Section        0  stm32f4xx_hal_cortex.o(i.NVIC_SetPriority)
    NVIC_SetPriority                         0x08002721   Thumb Code    32  stm32f4xx_hal_cortex.o(i.NVIC_SetPriority)
    i.PendSV_Handler                         0x08002740   Section        0  stm32f4xx_it.o(i.PendSV_Handler)
    i.SENSOR_Init                            0x08002744   Section        0  main.o(i.SENSOR_Init)
    i.SPI_CheckFlag_BSY                      0x08002774   Section        0  stm32f4xx_hal_spi.o(i.SPI_CheckFlag_BSY)
    SPI_CheckFlag_BSY                        0x08002775   Thumb Code    32  stm32f4xx_hal_spi.o(i.SPI_CheckFlag_BSY)
    i.SPI_WaitFlagStateUntilTimeout          0x08002794   Section        0  stm32f4xx_hal_spi.o(i.SPI_WaitFlagStateUntilTimeout)
    SPI_WaitFlagStateUntilTimeout            0x08002795   Thumb Code   150  stm32f4xx_hal_spi.o(i.SPI_WaitFlagStateUntilTimeout)
    i.SPIx_Init                              0x0800282c   Section        0  stm32f411e_discovery.o(i.SPIx_Init)
    SPIx_Init                                0x0800282d   Thumb Code   136  stm32f411e_discovery.o(i.SPIx_Init)
    i.SPIx_WriteRead                         0x080028c4   Section        0  stm32f411e_discovery.o(i.SPIx_WriteRead)
    SPIx_WriteRead                           0x080028c5   Thumb Code    46  stm32f411e_discovery.o(i.SPIx_WriteRead)
    i.SVC_Handler                            0x080028fc   Section        0  stm32f4xx_it.o(i.SVC_Handler)
    i.SysTick_Handler                        0x080028fe   Section        0  stm32f4xx_it.o(i.SysTick_Handler)
    i.SystemClock_Config                     0x0800290c   Section        0  main.o(i.SystemClock_Config)
    i.SystemInit                             0x080029a8   Section        0  system_stm32f4xx.o(i.SystemInit)
    i.TIM2_IRQHandler                        0x080029fc   Section        0  stm32f4xx_it.o(i.TIM2_IRQHandler)
    i.TIM_Base_SetConfig                     0x08002a08   Section        0  stm32f4xx_hal_tim.o(i.TIM_Base_SetConfig)
    i.TIM_ETR_SetConfig                      0x08002a98   Section        0  stm32f4xx_hal_tim.o(i.TIM_ETR_SetConfig)
    TIM_ETR_SetConfig                        0x08002a99   Thumb Code    20  stm32f4xx_hal_tim.o(i.TIM_ETR_SetConfig)
    i.TIM_ITRx_SetConfig                     0x08002aac   Section        0  stm32f4xx_hal_tim.o(i.TIM_ITRx_SetConfig)
    TIM_ITRx_SetConfig                       0x08002aad   Thumb Code    16  stm32f4xx_hal_tim.o(i.TIM_ITRx_SetConfig)
    i.TIM_TI1_ConfigInputStage               0x08002abc   Section        0  stm32f4xx_hal_tim.o(i.TIM_TI1_ConfigInputStage)
    TIM_TI1_ConfigInputStage                 0x08002abd   Thumb Code    34  stm32f4xx_hal_tim.o(i.TIM_TI1_ConfigInputStage)
    i.TIM_TI2_ConfigInputStage               0x08002ade   Section        0  stm32f4xx_hal_tim.o(i.TIM_TI2_ConfigInputStage)
    TIM_TI2_ConfigInputStage                 0x08002adf   Thumb Code    36  stm32f4xx_hal_tim.o(i.TIM_TI2_ConfigInputStage)
    i.UsageFault_Handler                     0x08002b02   Section        0  stm32f4xx_it.o(i.UsageFault_Handler)
    i.XYZ_ACC_Read                           0x08002b04   Section        0  sensor.o(i.XYZ_ACC_Read)
    i.XYZ_ANGLE_Read                         0x08002b54   Section        0  sensor.o(i.XYZ_ANGLE_Read)
    i.XYZ_GYRO_Read                          0x08002be4   Section        0  sensor.o(i.XYZ_GYRO_Read)
    i.__ARM_fpclassify                       0x08002c40   Section        0  fpclassify.o(i.__ARM_fpclassify)
    i.__hardfp_atan                          0x08002c70   Section        0  atan.o(i.__hardfp_atan)
    i.__hardfp_atan2                         0x08002f48   Section        0  atan2.o(i.__hardfp_atan2)
    i.__kernel_poly                          0x08003138   Section        0  poly.o(i.__kernel_poly)
    i.__mathlib_dbl_infnan                   0x08003230   Section        0  dunder.o(i.__mathlib_dbl_infnan)
    i.__mathlib_dbl_infnan2                  0x08003244   Section        0  dunder.o(i.__mathlib_dbl_infnan2)
    i.__mathlib_dbl_underflow                0x08003258   Section        0  dunder.o(i.__mathlib_dbl_underflow)
    i.__scatterload_copy                     0x08003278   Section       14  handlers.o(i.__scatterload_copy)
    i.__scatterload_null                     0x08003286   Section        2  handlers.o(i.__scatterload_null)
    i.__scatterload_zeroinit                 0x08003288   Section       14  handlers.o(i.__scatterload_zeroinit)
    i.atan                                   0x08003296   Section        0  atan.o(i.atan)
    i.fabs                                   0x080032a6   Section        0  fabs.o(i.fabs)
    i.main                                   0x080032c0   Section        0  main.o(i.main)
    .constdata                               0x08003354   Section       16  stm32f4xx_hal_rcc.o(.constdata)
    .constdata                               0x08003368   Section      152  atan.o(.constdata)
    atanhi                                   0x08003368   Data          32  atan.o(.constdata)
    atanlo                                   0x08003388   Data          32  atan.o(.constdata)
    aTodd                                    0x080033a8   Data          40  atan.o(.constdata)
    aTeven                                   0x080033d0   Data          48  atan.o(.constdata)
    .constdata                               0x08003400   Section        8  qnan.o(.constdata)
    .data                                    0x20000000   Section        4  system_stm32f4xx.o(.data)
    .data                                    0x20000004   Section        4  stm32f4xx_hal.o(.data)
    .data                                    0x20000008   Section        6  sensor.o(.data)
    .data                                    0x20000010   Section       52  l3gd20.o(.data)
    .data                                    0x20000044   Section        4  stm32f411e_discovery_gyroscope.o(.data)
    GyroscopeDrv                             0x20000044   Data           4  stm32f411e_discovery_gyroscope.o(.data)
    .data                                    0x20000048   Section       28  stm32f411e_discovery.o(.data)
    .data                                    0x20000064   Section        4  stm32f411e_discovery_accelerometer.o(.data)
    AccelerometerDrv                         0x20000064   Data           4  stm32f411e_discovery_accelerometer.o(.data)
    .data                                    0x20000068   Section       52  lsm303dlhc.o(.data)
    .bss                                     0x200000a0   Section      304  main.o(.bss)
    .bss                                     0x200001d0   Section      172  stm32f411e_discovery.o(.bss)
    I2cHandle                                0x200001d0   Data          84  stm32f411e_discovery.o(.bss)
    SpiHandle                                0x20000224   Data          88  stm32f411e_discovery.o(.bss)
    STACK                                    0x20000280   Section     1024  startup_stm32f411xe.o(STACK)

    Global Symbols

    Symbol Name                              Value     Ov Type        Size  Object(Section)

    BuildAttributes$$THM_ISAv4$E$P$D$K$B$S$7EM$VFPi3$EXTD16$VFPS$VFMA$PE$A:L22UL41UL21$X:L11$S22US41US21$IEEE1$IW$USESV6$~STKCKD$USESV7$~SHL$OTIME$ROPI$IEEEX$EBA8$MICROLIB$REQ8$PRES8$EABIv2 0x00000000   Number         0  anon$$obj.o ABSOLUTE
    __ARM_use_no_argv                        0x00000000   Number         0  main.o ABSOLUTE
    __cpp_initialize__aeabi_                  - Undefined Weak Reference
    __cxa_finalize                            - Undefined Weak Reference
    __decompress                              - Undefined Weak Reference
    _clock_init                               - Undefined Weak Reference
    _microlib_exit                            - Undefined Weak Reference
    __Vectors_Size                           0x00000198   Number         0  startup_stm32f411xe.o ABSOLUTE
    __Vectors                                0x08000000   Data           4  startup_stm32f411xe.o(RESET)
    __Vectors_End                            0x08000198   Data           0  startup_stm32f411xe.o(RESET)
    __main                                   0x08000199   Thumb Code     0  entry.o(.ARM.Collect$$$$00000000)
    _main_stk                                0x08000199   Thumb Code     0  entry2.o(.ARM.Collect$$$$00000001)
    _main_scatterload                        0x0800019d   Thumb Code     0  entry5.o(.ARM.Collect$$$$00000004)
    __main_after_scatterload                 0x080001a1   Thumb Code     0  entry5.o(.ARM.Collect$$$$00000004)
    _main_clock                              0x080001a1   Thumb Code     0  entry7b.o(.ARM.Collect$$$$00000008)
    _main_cpp_init                           0x080001a1   Thumb Code     0  entry8b.o(.ARM.Collect$$$$0000000A)
    _main_init                               0x080001a1   Thumb Code     0  entry9a.o(.ARM.Collect$$$$0000000B)
    __rt_final_cpp                           0x080001a9   Thumb Code     0  entry10a.o(.ARM.Collect$$$$0000000D)
    __rt_final_exit                          0x080001a9   Thumb Code     0  entry11a.o(.ARM.Collect$$$$0000000F)
    Reset_Handler                            0x080001ad   Thumb Code     8  startup_stm32f411xe.o(.text)
    ADC_IRQHandler                           0x080001c7   Thumb Code     0  startup_stm32f411xe.o(.text)
    DMA1_Stream0_IRQHandler                  0x080001c7   Thumb Code     0  startup_stm32f411xe.o(.text)
    DMA1_Stream1_IRQHandler                  0x080001c7   Thumb Code     0  startup_stm32f411xe.o(.text)
    DMA1_Stream2_IRQHandler                  0x080001c7   Thumb Code     0  startup_stm32f411xe.o(.text)
    DMA1_Stream3_IRQHandler                  0x080001c7   Thumb Code     0  startup_stm32f411xe.o(.text)
    DMA1_Stream4_IRQHandler                  0x080001c7   Thumb Code     0  startup_stm32f411xe.o(.text)
    DMA1_Stream5_IRQHandler                  0x080001c7   Thumb Code     0  startup_stm32f411xe.o(.text)
    DMA1_Stream6_IRQHandler                  0x080001c7   Thumb Code     0  startup_stm32f411xe.o(.text)
    DMA1_Stream7_IRQHandler                  0x080001c7   Thumb Code     0  startup_stm32f411xe.o(.text)
    DMA2_Stream0_IRQHandler                  0x080001c7   Thumb Code     0  startup_stm32f411xe.o(.text)
    DMA2_Stream1_IRQHandler                  0x080001c7   Thumb Code     0  startup_stm32f411xe.o(.text)
    DMA2_Stream2_IRQHandler                  0x080001c7   Thumb Code     0  startup_stm32f411xe.o(.text)
    DMA2_Stream3_IRQHandler                  0x080001c7   Thumb Code     0  startup_stm32f411xe.o(.text)
    DMA2_Stream4_IRQHandler                  0x080001c7   Thumb Code     0  startup_stm32f411xe.o(.text)
    DMA2_Stream5_IRQHandler                  0x080001c7   Thumb Code     0  startup_stm32f411xe.o(.text)
    DMA2_Stream6_IRQHandler                  0x080001c7   Thumb Code     0  startup_stm32f411xe.o(.text)
    DMA2_Stream7_IRQHandler                  0x080001c7   Thumb Code     0  startup_stm32f411xe.o(.text)
    EXTI0_IRQHandler                         0x080001c7   Thumb Code     0  startup_stm32f411xe.o(.text)
    EXTI15_10_IRQHandler                     0x080001c7   Thumb Code     0  startup_stm32f411xe.o(.text)
    EXTI1_IRQHandler                         0x080001c7   Thumb Code     0  startup_stm32f411xe.o(.text)
    EXTI2_IRQHandler                         0x080001c7   Thumb Code     0  startup_stm32f411xe.o(.text)
    EXTI3_IRQHandler                         0x080001c7   Thumb Code     0  startup_stm32f411xe.o(.text)
    EXTI4_IRQHandler                         0x080001c7   Thumb Code     0  startup_stm32f411xe.o(.text)
    EXTI9_5_IRQHandler                       0x080001c7   Thumb Code     0  startup_stm32f411xe.o(.text)
    FLASH_IRQHandler                         0x080001c7   Thumb Code     0  startup_stm32f411xe.o(.text)
    FPU_IRQHandler                           0x080001c7   Thumb Code     0  startup_stm32f411xe.o(.text)
    I2C1_ER_IRQHandler                       0x080001c7   Thumb Code     0  startup_stm32f411xe.o(.text)
    I2C1_EV_IRQHandler                       0x080001c7   Thumb Code     0  startup_stm32f411xe.o(.text)
    I2C2_ER_IRQHandler                       0x080001c7   Thumb Code     0  startup_stm32f411xe.o(.text)
    I2C2_EV_IRQHandler                       0x080001c7   Thumb Code     0  startup_stm32f411xe.o(.text)
    I2C3_ER_IRQHandler                       0x080001c7   Thumb Code     0  startup_stm32f411xe.o(.text)
    I2C3_EV_IRQHandler                       0x080001c7   Thumb Code     0  startup_stm32f411xe.o(.text)
    OTG_FS_IRQHandler                        0x080001c7   Thumb Code     0  startup_stm32f411xe.o(.text)
    OTG_FS_WKUP_IRQHandler                   0x080001c7   Thumb Code     0  startup_stm32f411xe.o(.text)
    PVD_IRQHandler                           0x080001c7   Thumb Code     0  startup_stm32f411xe.o(.text)
    RCC_IRQHandler                           0x080001c7   Thumb Code     0  startup_stm32f411xe.o(.text)
    RTC_Alarm_IRQHandler                     0x080001c7   Thumb Code     0  startup_stm32f411xe.o(.text)
    RTC_WKUP_IRQHandler                      0x080001c7   Thumb Code     0  startup_stm32f411xe.o(.text)
    SDIO_IRQHandler                          0x080001c7   Thumb Code     0  startup_stm32f411xe.o(.text)
    SPI1_IRQHandler                          0x080001c7   Thumb Code     0  startup_stm32f411xe.o(.text)
    SPI2_IRQHandler                          0x080001c7   Thumb Code     0  startup_stm32f411xe.o(.text)
    SPI3_IRQHandler                          0x080001c7   Thumb Code     0  startup_stm32f411xe.o(.text)
    SPI4_IRQHandler                          0x080001c7   Thumb Code     0  startup_stm32f411xe.o(.text)
    SPI5_IRQHandler                          0x080001c7   Thumb Code     0  startup_stm32f411xe.o(.text)
    TAMP_STAMP_IRQHandler                    0x080001c7   Thumb Code     0  startup_stm32f411xe.o(.text)
    TIM1_BRK_TIM9_IRQHandler                 0x080001c7   Thumb Code     0  startup_stm32f411xe.o(.text)
    TIM1_CC_IRQHandler                       0x080001c7   Thumb Code     0  startup_stm32f411xe.o(.text)
    TIM1_TRG_COM_TIM11_IRQHandler            0x080001c7   Thumb Code     0  startup_stm32f411xe.o(.text)
    TIM1_UP_TIM10_IRQHandler                 0x080001c7   Thumb Code     0  startup_stm32f411xe.o(.text)
    TIM3_IRQHandler                          0x080001c7   Thumb Code     0  startup_stm32f411xe.o(.text)
    TIM4_IRQHandler                          0x080001c7   Thumb Code     0  startup_stm32f411xe.o(.text)
    TIM5_IRQHandler                          0x080001c7   Thumb Code     0  startup_stm32f411xe.o(.text)
    USART1_IRQHandler                        0x080001c7   Thumb Code     0  startup_stm32f411xe.o(.text)
    USART2_IRQHandler                        0x080001c7   Thumb Code     0  startup_stm32f411xe.o(.text)
    USART6_IRQHandler                        0x080001c7   Thumb Code     0  startup_stm32f411xe.o(.text)
    WWDG_IRQHandler                          0x080001c7   Thumb Code     0  startup_stm32f411xe.o(.text)
    __aeabi_dmul                             0x080001d1   Thumb Code   228  dmul.o(.text)
    __aeabi_ddiv                             0x080002b5   Thumb Code   222  ddiv.o(.text)
    __aeabi_i2d                              0x08000393   Thumb Code    34  dflti.o(.text)
    __I$use$fp                               0x080003b5   Thumb Code     0  iusefp.o(.text)
    _double_round                            0x080003b5   Thumb Code    30  depilogue.o(.text)
    _double_epilogue                         0x080003d3   Thumb Code   156  depilogue.o(.text)
    __aeabi_dadd                             0x0800046f   Thumb Code   322  dadd.o(.text)
    __aeabi_dsub                             0x080005b1   Thumb Code     6  dadd.o(.text)
    __aeabi_drsub                            0x080005b7   Thumb Code     6  dadd.o(.text)
    __scatterload                            0x080005bd   Thumb Code    28  init.o(.text)
    __scatterload_rt2                        0x080005bd   Thumb Code     0  init.o(.text)
    __aeabi_llsl                             0x080005e1   Thumb Code    30  llshl.o(.text)
    _ll_shift_l                              0x080005e1   Thumb Code     0  llshl.o(.text)
    __aeabi_llsr                             0x080005ff   Thumb Code    32  llushr.o(.text)
    _ll_ushift_r                             0x080005ff   Thumb Code     0  llushr.o(.text)
    __aeabi_lasr                             0x0800061f   Thumb Code    36  llsshr.o(.text)
    _ll_sshift_r                             0x0800061f   Thumb Code     0  llsshr.o(.text)
    BSP_ACCELERO_Init                        0x08000645   Thumb Code    40  stm32f411e_discovery_accelerometer.o(i.BSP_ACCELERO_Init)
    BSP_GYRO_Init                            0x08000675   Thumb Code    58  stm32f411e_discovery_gyroscope.o(i.BSP_GYRO_Init)
    BusFault_Handler                         0x080006b9   Thumb Code     2  stm32f4xx_it.o(i.BusFault_Handler)
    COMPASSACCELERO_IO_ITConfig              0x080006bd   Thumb Code    66  stm32f411e_discovery.o(i.COMPASSACCELERO_IO_ITConfig)
    COMPASSACCELERO_IO_Init                  0x0800070d   Thumb Code    52  stm32f411e_discovery.o(i.COMPASSACCELERO_IO_Init)
    COMPASSACCELERO_IO_Read                  0x08000749   Thumb Code     4  stm32f411e_discovery.o(i.COMPASSACCELERO_IO_Read)
    COMPASSACCELERO_IO_Write                 0x0800074d   Thumb Code     4  stm32f411e_discovery.o(i.COMPASSACCELERO_IO_Write)
    DebugMon_Handler                         0x08000751   Thumb Code     2  stm32f4xx_it.o(i.DebugMon_Handler)
    GYRO_Calib                               0x08000755   Thumb Code    96  sensor.o(i.GYRO_Calib)
    GYRO_IO_Init                             0x080007b9   Thumb Code   100  stm32f411e_discovery.o(i.GYRO_IO_Init)
    GYRO_IO_Read                             0x08000825   Thumb Code    74  stm32f411e_discovery.o(i.GYRO_IO_Read)
    GYRO_IO_Write                            0x08000875   Thumb Code    68  stm32f411e_discovery.o(i.GYRO_IO_Write)
    HAL_Delay                                0x080008bd   Thumb Code    22  stm32f4xx_hal.o(i.HAL_Delay)
    HAL_GPIO_DeInit                          0x080008d5   Thumb Code   244  stm32f4xx_hal_gpio.o(i.HAL_GPIO_DeInit)
    HAL_GPIO_Init                            0x080009e5   Thumb Code   358  stm32f4xx_hal_gpio.o(i.HAL_GPIO_Init)
    HAL_GPIO_WritePin                        0x08000b6d   Thumb Code    10  stm32f4xx_hal_gpio.o(i.HAL_GPIO_WritePin)
    HAL_GetTick                              0x08000b79   Thumb Code     6  stm32f4xx_hal.o(i.HAL_GetTick)
    HAL_I2C_DeInit                           0x08000b85   Thumb Code    50  stm32f4xx_hal_i2c.o(i.HAL_I2C_DeInit)
    HAL_I2C_GetState                         0x08000bb7   Thumb Code     6  stm32f4xx_hal_i2c.o(i.HAL_I2C_GetState)
    HAL_I2C_Init                             0x08000bbd   Thumb Code   254  stm32f4xx_hal_i2c.o(i.HAL_I2C_Init)
    HAL_I2C_Mem_Read                         0x08000cc5   Thumb Code   494  stm32f4xx_hal_i2c.o(i.HAL_I2C_Mem_Read)
    HAL_I2C_Mem_Write                        0x08000ec1   Thumb Code   306  stm32f4xx_hal_i2c.o(i.HAL_I2C_Mem_Write)
    HAL_I2C_MspDeInit                        0x08000ffd   Thumb Code    30  stm32f4xx_hal_msp.o(i.HAL_I2C_MspDeInit)
    HAL_I2C_MspInit                          0x08001029   Thumb Code    64  stm32f4xx_hal_msp.o(i.HAL_I2C_MspInit)
    HAL_IncTick                              0x08001075   Thumb Code    10  stm32f4xx_hal.o(i.HAL_IncTick)
    HAL_Init                                 0x08001085   Thumb Code    48  stm32f4xx_hal.o(i.HAL_Init)
    HAL_InitTick                             0x080010b9   Thumb Code    34  stm32f4xx_hal.o(i.HAL_InitTick)
    HAL_MspInit                              0x080010e1   Thumb Code    88  stm32f4xx_hal_msp.o(i.HAL_MspInit)
    HAL_NVIC_EnableIRQ                       0x08001139   Thumb Code    22  stm32f4xx_hal_cortex.o(i.HAL_NVIC_EnableIRQ)
    HAL_NVIC_SetPriority                     0x08001151   Thumb Code    60  stm32f4xx_hal_cortex.o(i.HAL_NVIC_SetPriority)
    HAL_NVIC_SetPriorityGrouping             0x08001191   Thumb Code    26  stm32f4xx_hal_cortex.o(i.HAL_NVIC_SetPriorityGrouping)
    HAL_RCC_ClockConfig                      0x080011b5   Thumb Code   364  stm32f4xx_hal_rcc.o(i.HAL_RCC_ClockConfig)
    HAL_RCC_GetHCLKFreq                      0x08001331   Thumb Code     6  stm32f4xx_hal_rcc.o(i.HAL_RCC_GetHCLKFreq)
    HAL_RCC_GetPCLK1Freq                     0x0800133d   Thumb Code    34  stm32f4xx_hal_rcc.o(i.HAL_RCC_GetPCLK1Freq)
    HAL_RCC_GetSysClockFreq                  0x0800136d   Thumb Code   104  stm32f4xx_hal_rcc.o(i.HAL_RCC_GetSysClockFreq)
    HAL_RCC_OscConfig                        0x080013dd   Thumb Code   770  stm32f4xx_hal_rcc.o(i.HAL_RCC_OscConfig)
    HAL_SPI_DeInit                           0x080016f1   Thumb Code    46  stm32f4xx_hal_spi.o(i.HAL_SPI_DeInit)
    HAL_SPI_GetState                         0x0800171f   Thumb Code     6  stm32f4xx_hal_spi.o(i.HAL_SPI_GetState)
    HAL_SPI_Init                             0x08001725   Thumb Code   128  stm32f4xx_hal_spi.o(i.HAL_SPI_Init)
    HAL_SPI_MspDeInit                        0x080017a5   Thumb Code    28  stm32f4xx_hal_msp.o(i.HAL_SPI_MspDeInit)
    HAL_SPI_MspInit                          0x080017cd   Thumb Code    62  stm32f4xx_hal_msp.o(i.HAL_SPI_MspInit)
    HAL_SPI_TransmitReceive                  0x08001819   Thumb Code   472  stm32f4xx_hal_spi.o(i.HAL_SPI_TransmitReceive)
    HAL_SYSTICK_CLKSourceConfig              0x080019f1   Thumb Code    24  stm32f4xx_hal_cortex.o(i.HAL_SYSTICK_CLKSourceConfig)
    HAL_SYSTICK_Callback                     0x08001a09   Thumb Code     2  stm32f4xx_hal_cortex.o(i.HAL_SYSTICK_Callback)
    HAL_SYSTICK_Config                       0x08001a0b   Thumb Code    40  stm32f4xx_hal_cortex.o(i.HAL_SYSTICK_Config)
    HAL_SYSTICK_IRQHandler                   0x08001a33   Thumb Code     8  stm32f4xx_hal_cortex.o(i.HAL_SYSTICK_IRQHandler)
    HAL_TIMEx_BreakCallback                  0x08001a3b   Thumb Code     2  stm32f4xx_hal_tim_ex.o(i.HAL_TIMEx_BreakCallback)
    HAL_TIMEx_CommutationCallback            0x08001a3d   Thumb Code     2  stm32f4xx_hal_tim_ex.o(i.HAL_TIMEx_CommutationCallback)
    HAL_TIMEx_MasterConfigSynchronization    0x08001a3f   Thumb Code    80  stm32f4xx_hal_tim_ex.o(i.HAL_TIMEx_MasterConfigSynchronization)
    HAL_TIM_Base_Init                        0x08001a8f   Thumb Code    54  stm32f4xx_hal_tim.o(i.HAL_TIM_Base_Init)
    HAL_TIM_Base_MspInit                     0x08001ac5   Thumb Code    50  stm32f4xx_hal_msp.o(i.HAL_TIM_Base_MspInit)
    HAL_TIM_Base_Start_IT                    0x08001afd   Thumb Code    24  stm32f4xx_hal_tim.o(i.HAL_TIM_Base_Start_IT)
    HAL_TIM_ConfigClockSource                0x08001b15   Thumb Code   242  stm32f4xx_hal_tim.o(i.HAL_TIM_ConfigClockSource)
    HAL_TIM_IC_CaptureCallback               0x08001c07   Thumb Code     2  stm32f4xx_hal_tim.o(i.HAL_TIM_IC_CaptureCallback)
    HAL_TIM_IRQHandler                       0x08001c09   Thumb Code   358  stm32f4xx_hal_tim.o(i.HAL_TIM_IRQHandler)
    HAL_TIM_OC_DelayElapsedCallback          0x08001d6f   Thumb Code     2  stm32f4xx_hal_tim.o(i.HAL_TIM_OC_DelayElapsedCallback)
    HAL_TIM_PWM_PulseFinishedCallback        0x08001d71   Thumb Code     2  stm32f4xx_hal_tim.o(i.HAL_TIM_PWM_PulseFinishedCallback)
    HAL_TIM_PeriodElapsedCallback            0x08001d75   Thumb Code    46  main.o(i.HAL_TIM_PeriodElapsedCallback)
    HAL_TIM_TriggerCallback                  0x08001da9   Thumb Code     2  stm32f4xx_hal_tim.o(i.HAL_TIM_TriggerCallback)
    HardFault_Handler                        0x08001dab   Thumb Code     2  stm32f4xx_it.o(i.HardFault_Handler)
    L3GD20_DeInit                            0x08002295   Thumb Code     2  l3gd20.o(i.L3GD20_DeInit)
    L3GD20_DisableIT                         0x08002297   Thumb Code    56  l3gd20.o(i.L3GD20_DisableIT)
    L3GD20_EnableIT                          0x080022cf   Thumb Code    64  l3gd20.o(i.L3GD20_EnableIT)
    L3GD20_FilterCmd                         0x0800230f   Thumb Code    40  l3gd20.o(i.L3GD20_FilterCmd)
    L3GD20_FilterConfig                      0x08002337   Thumb Code    40  l3gd20.o(i.L3GD20_FilterConfig)
    L3GD20_INT1InterruptConfig               0x0800235f   Thumb Code    82  l3gd20.o(i.L3GD20_INT1InterruptConfig)
    L3GD20_Init                              0x080023b1   Thumb Code    46  l3gd20.o(i.L3GD20_Init)
    L3GD20_LowPower                          0x080023df   Thumb Code    18  l3gd20.o(i.L3GD20_LowPower)
    L3GD20_ReadID                            0x080023f1   Thumb Code    22  l3gd20.o(i.L3GD20_ReadID)
    L3GD20_ReadXYZAngRate                    0x08002409   Thumb Code   100  l3gd20.o(i.L3GD20_ReadXYZAngRate)
    L3GD20_RebootCmd                         0x0800246d   Thumb Code    36  l3gd20.o(i.L3GD20_RebootCmd)
    LSM303DLHC_AccClickITEnable              0x08002491   Thumb Code    70  lsm303dlhc.o(i.LSM303DLHC_AccClickITEnable)
    LSM303DLHC_AccDeInit                     0x080024d7   Thumb Code     2  lsm303dlhc.o(i.LSM303DLHC_AccDeInit)
    LSM303DLHC_AccFilterClickCmd             0x080024d9   Thumb Code    30  lsm303dlhc.o(i.LSM303DLHC_AccFilterClickCmd)
    LSM303DLHC_AccFilterCmd                  0x080024f7   Thumb Code    30  lsm303dlhc.o(i.LSM303DLHC_AccFilterCmd)
    LSM303DLHC_AccFilterConfig               0x08002515   Thumb Code    30  lsm303dlhc.o(i.LSM303DLHC_AccFilterConfig)
    LSM303DLHC_AccIT1Enable                  0x08002533   Thumb Code    28  lsm303dlhc.o(i.LSM303DLHC_AccIT1Enable)
    LSM303DLHC_AccInit                       0x0800254f   Thumb Code    32  lsm303dlhc.o(i.LSM303DLHC_AccInit)
    LSM303DLHC_AccReadID                     0x0800256f   Thumb Code    18  lsm303dlhc.o(i.LSM303DLHC_AccReadID)
    LSM303DLHC_AccReadXYZ                    0x08002581   Thumb Code   172  lsm303dlhc.o(i.LSM303DLHC_AccReadXYZ)
    LSM303DLHC_AccRebootCmd                  0x0800262d   Thumb Code    26  lsm303dlhc.o(i.LSM303DLHC_AccRebootCmd)
    LSM303DLHC_AccZClickITConfig             0x08002647   Thumb Code    28  lsm303dlhc.o(i.LSM303DLHC_AccZClickITConfig)
    MemManage_Handler                        0x0800271d   Thumb Code     2  stm32f4xx_it.o(i.MemManage_Handler)
    NMI_Handler                              0x0800271f   Thumb Code     2  stm32f4xx_it.o(i.NMI_Handler)
    PendSV_Handler                           0x08002741   Thumb Code     2  stm32f4xx_it.o(i.PendSV_Handler)
    SENSOR_Init                              0x08002745   Thumb Code    44  main.o(i.SENSOR_Init)
    SVC_Handler                              0x080028fd   Thumb Code     2  stm32f4xx_it.o(i.SVC_Handler)
    SysTick_Handler                          0x080028ff   Thumb Code    14  stm32f4xx_it.o(i.SysTick_Handler)
    SystemClock_Config                       0x0800290d   Thumb Code   148  main.o(i.SystemClock_Config)
    SystemInit                               0x080029a9   Thumb Code    66  system_stm32f4xx.o(i.SystemInit)
    TIM2_IRQHandler                          0x080029fd   Thumb Code     6  stm32f4xx_it.o(i.TIM2_IRQHandler)
    TIM_Base_SetConfig                       0x08002a09   Thumb Code   114  stm32f4xx_hal_tim.o(i.TIM_Base_SetConfig)
    UsageFault_Handler                       0x08002b03   Thumb Code     2  stm32f4xx_it.o(i.UsageFault_Handler)
    XYZ_ACC_Read                             0x08002b05   Thumb Code    72  sensor.o(i.XYZ_ACC_Read)
    XYZ_ANGLE_Read                           0x08002b55   Thumb Code   128  sensor.o(i.XYZ_ANGLE_Read)
    XYZ_GYRO_Read                            0x08002be5   Thumb Code    78  sensor.o(i.XYZ_GYRO_Read)
    __ARM_fpclassify                         0x08002c41   Thumb Code    48  fpclassify.o(i.__ARM_fpclassify)
    __hardfp_atan                            0x08002c71   Thumb Code   622  atan.o(i.__hardfp_atan)
    __hardfp_atan2                           0x08002f49   Thumb Code   432  atan2.o(i.__hardfp_atan2)
    __kernel_poly                            0x08003139   Thumb Code   248  poly.o(i.__kernel_poly)
    __mathlib_dbl_infnan                     0x08003231   Thumb Code    20  dunder.o(i.__mathlib_dbl_infnan)
    __mathlib_dbl_infnan2                    0x08003245   Thumb Code    20  dunder.o(i.__mathlib_dbl_infnan2)
    __mathlib_dbl_underflow                  0x08003259   Thumb Code    24  dunder.o(i.__mathlib_dbl_underflow)
    __scatterload_copy                       0x08003279   Thumb Code    14  handlers.o(i.__scatterload_copy)
    __scatterload_null                       0x08003287   Thumb Code     2  handlers.o(i.__scatterload_null)
    __scatterload_zeroinit                   0x08003289   Thumb Code    14  handlers.o(i.__scatterload_zeroinit)
    atan                                     0x08003297   Thumb Code    16  atan.o(i.atan)
    fabs                                     0x080032a7   Thumb Code    24  fabs.o(i.fabs)
    main                                     0x080032c1   Thumb Code   132  main.o(i.main)
    APBAHBPrescTable                         0x08003354   Data          16  stm32f4xx_hal_rcc.o(.constdata)
    __mathlib_zero                           0x08003400   Data           8  qnan.o(.constdata)
    Region$$Table$$Base                      0x08003408   Number         0  anon$$obj.o(Region$$Table)
    Region$$Table$$Limit                     0x08003428   Number         0  anon$$obj.o(Region$$Table)
    SystemCoreClock                          0x20000000   Data           4  system_stm32f4xx.o(.data)
    uwTick                                   0x20000004   Data           4  stm32f4xx_hal.o(.data)
    gyro_calib                               0x20000008   Data           6  sensor.o(.data)
    L3gd20Drv                                0x20000010   Data          52  l3gd20.o(.data)
    BUTTON_PORT                              0x20000048   Data           4  stm32f411e_discovery.o(.data)
    I2cxTimeout                              0x2000004c   Data           4  stm32f411e_discovery.o(.data)
    SpixTimeout                              0x20000050   Data           4  stm32f411e_discovery.o(.data)
    GPIO_PORT                                0x20000054   Data          16  stm32f411e_discovery.o(.data)
    Lsm303dlhcDrv                            0x20000068   Data          52  lsm303dlhc.o(.data)
    hi2c1                                    0x200000a0   Data          84  main.o(.bss)
    hspi1                                    0x200000f4   Data          88  main.o(.bss)
    htim2                                    0x2000014c   Data          60  main.o(.bss)
    gyro_angle                               0x20000188   Data          24  main.o(.bss)
    acc_v                                    0x200001a0   Data          24  main.o(.bss)
    degree                                   0x200001b8   Data          24  main.o(.bss)
    __initial_sp                             0x20000680   Data           0  startup_stm32f411xe.o(STACK)



==============================================================================

Memory Map of the image

  Image Entry point : 0x08000199

  Load Region LR_IROM1 (Base: 0x08000000, Size: 0x000034c4, Max: 0x00080000, ABSOLUTE)

    Execution Region ER_IROM1 (Exec base: 0x08000000, Load base: 0x08000000, Size: 0x00003428, Max: 0x00080000, ABSOLUTE)

    Exec Addr    Load Addr    Size         Type   Attr      Idx    E Section Name        Object

    0x08000000   0x08000000   0x00000198   Data   RO          139    RESET               startup_stm32f411xe.o
    0x08000198   0x08000198   0x00000000   Code   RO         3741  * .ARM.Collect$$$$00000000  mc_w.l(entry.o)
    0x08000198   0x08000198   0x00000004   Code   RO         3785    .ARM.Collect$$$$00000001  mc_w.l(entry2.o)
    0x0800019c   0x0800019c   0x00000004   Code   RO         3788    .ARM.Collect$$$$00000004  mc_w.l(entry5.o)
    0x080001a0   0x080001a0   0x00000000   Code   RO         3790    .ARM.Collect$$$$00000008  mc_w.l(entry7b.o)
    0x080001a0   0x080001a0   0x00000000   Code   RO         3792    .ARM.Collect$$$$0000000A  mc_w.l(entry8b.o)
    0x080001a0   0x080001a0   0x00000008   Code   RO         3793    .ARM.Collect$$$$0000000B  mc_w.l(entry9a.o)
    0x080001a8   0x080001a8   0x00000000   Code   RO         3795    .ARM.Collect$$$$0000000D  mc_w.l(entry10a.o)
    0x080001a8   0x080001a8   0x00000000   Code   RO         3797    .ARM.Collect$$$$0000000F  mc_w.l(entry11a.o)
    0x080001a8   0x080001a8   0x00000004   Code   RO         3786    .ARM.Collect$$$$00002712  mc_w.l(entry2.o)
    0x080001ac   0x080001ac   0x00000024   Code   RO          140    .text               startup_stm32f411xe.o
    0x080001d0   0x080001d0   0x000000e4   Code   RO         3744    .text               mf_w.l(dmul.o)
    0x080002b4   0x080002b4   0x000000de   Code   RO         3746    .text               mf_w.l(ddiv.o)
    0x08000392   0x08000392   0x00000022   Code   RO         3748    .text               mf_w.l(dflti.o)
    0x080003b4   0x080003b4   0x00000000   Code   RO         3806    .text               mc_w.l(iusefp.o)
    0x080003b4   0x080003b4   0x000000ba   Code   RO         3807    .text               mf_w.l(depilogue.o)
    0x0800046e   0x0800046e   0x0000014e   Code   RO         3809    .text               mf_w.l(dadd.o)
    0x080005bc   0x080005bc   0x00000024   Code   RO         3817    .text               mc_w.l(init.o)
    0x080005e0   0x080005e0   0x0000001e   Code   RO         3819    .text               mc_w.l(llshl.o)
    0x080005fe   0x080005fe   0x00000020   Code   RO         3821    .text               mc_w.l(llushr.o)
    0x0800061e   0x0800061e   0x00000024   Code   RO         3823    .text               mc_w.l(llsshr.o)
    0x08000642   0x08000642   0x00000002   PAD
    0x08000644   0x08000644   0x00000030   Code   RO         3479    i.BSP_ACCELERO_Init  stm32f411e_discovery_accelerometer.o
    0x08000674   0x08000674   0x00000044   Code   RO         3240    i.BSP_GYRO_Init     stm32f411e_discovery_gyroscope.o
    0x080006b8   0x080006b8   0x00000002   Code   RO         2959    i.BusFault_Handler  stm32f4xx_it.o
    0x080006ba   0x080006ba   0x00000002   PAD
    0x080006bc   0x080006bc   0x00000050   Code   RO         3322    i.COMPASSACCELERO_IO_ITConfig  stm32f411e_discovery.o
    0x0800070c   0x0800070c   0x0000003c   Code   RO         3323    i.COMPASSACCELERO_IO_Init  stm32f411e_discovery.o
    0x08000748   0x08000748   0x00000004   Code   RO         3324    i.COMPASSACCELERO_IO_Read  stm32f411e_discovery.o
    0x0800074c   0x0800074c   0x00000004   Code   RO         3325    i.COMPASSACCELERO_IO_Write  stm32f411e_discovery.o
    0x08000750   0x08000750   0x00000002   Code   RO         2960    i.DebugMon_Handler  stm32f4xx_it.o
    0x08000752   0x08000752   0x00000002   PAD
    0x08000754   0x08000754   0x00000064   Code   RO         3101    i.GYRO_Calib        sensor.o
    0x080007b8   0x080007b8   0x0000006c   Code   RO         3326    i.GYRO_IO_Init      stm32f411e_discovery.o
    0x08000824   0x08000824   0x00000050   Code   RO         3327    i.GYRO_IO_Read      stm32f411e_discovery.o
    0x08000874   0x08000874   0x00000048   Code   RO         3328    i.GYRO_IO_Write     stm32f411e_discovery.o
    0x080008bc   0x080008bc   0x00000016   Code   RO         1237    i.HAL_Delay         stm32f4xx_hal.o
    0x080008d2   0x080008d2   0x00000002   PAD
    0x080008d4   0x080008d4   0x00000110   Code   RO         2306    i.HAL_GPIO_DeInit   stm32f4xx_hal_gpio.o
    0x080009e4   0x080009e4   0x00000188   Code   RO         2309    i.HAL_GPIO_Init     stm32f4xx_hal_gpio.o
    0x08000b6c   0x08000b6c   0x0000000a   Code   RO         2313    i.HAL_GPIO_WritePin  stm32f4xx_hal_gpio.o
    0x08000b76   0x08000b76   0x00000002   PAD
    0x08000b78   0x08000b78   0x0000000c   Code   RO         1243    i.HAL_GetTick       stm32f4xx_hal.o
    0x08000b84   0x08000b84   0x00000032   Code   RO         2374    i.HAL_I2C_DeInit    stm32f4xx_hal_i2c.o
    0x08000bb6   0x08000bb6   0x00000006   Code   RO         2382    i.HAL_I2C_GetState  stm32f4xx_hal_i2c.o
    0x08000bbc   0x08000bbc   0x00000108   Code   RO         2383    i.HAL_I2C_Init      stm32f4xx_hal_i2c.o
    0x08000cc4   0x08000cc4   0x000001fc   Code   RO         2399    i.HAL_I2C_Mem_Read  stm32f4xx_hal_i2c.o
    0x08000ec0   0x08000ec0   0x0000013c   Code   RO         2402    i.HAL_I2C_Mem_Write  stm32f4xx_hal_i2c.o
    0x08000ffc   0x08000ffc   0x0000002c   Code   RO         3041    i.HAL_I2C_MspDeInit  stm32f4xx_hal_msp.o
    0x08001028   0x08001028   0x0000004c   Code   RO         3042    i.HAL_I2C_MspInit   stm32f4xx_hal_msp.o
    0x08001074   0x08001074   0x00000010   Code   RO         1244    i.HAL_IncTick       stm32f4xx_hal.o
    0x08001084   0x08001084   0x00000034   Code   RO         1245    i.HAL_Init          stm32f4xx_hal.o
    0x080010b8   0x080010b8   0x00000028   Code   RO         1246    i.HAL_InitTick      stm32f4xx_hal.o
    0x080010e0   0x080010e0   0x00000058   Code   RO         3043    i.HAL_MspInit       stm32f4xx_hal_msp.o
    0x08001138   0x08001138   0x00000016   Code   RO         1668    i.HAL_NVIC_EnableIRQ  stm32f4xx_hal_cortex.o
    0x0800114e   0x0800114e   0x00000002   PAD
    0x08001150   0x08001150   0x00000040   Code   RO         1674    i.HAL_NVIC_SetPriority  stm32f4xx_hal_cortex.o
    0x08001190   0x08001190   0x00000024   Code   RO         1675    i.HAL_NVIC_SetPriorityGrouping  stm32f4xx_hal_cortex.o
    0x080011b4   0x080011b4   0x0000017c   Code   RO          967    i.HAL_RCC_ClockConfig  stm32f4xx_hal_rcc.o
    0x08001330   0x08001330   0x0000000c   Code   RO          972    i.HAL_RCC_GetHCLKFreq  stm32f4xx_hal_rcc.o
    0x0800133c   0x0800133c   0x00000030   Code   RO          974    i.HAL_RCC_GetPCLK1Freq  stm32f4xx_hal_rcc.o
    0x0800136c   0x0800136c   0x00000070   Code   RO          976    i.HAL_RCC_GetSysClockFreq  stm32f4xx_hal_rcc.o
    0x080013dc   0x080013dc   0x00000314   Code   RO          979    i.HAL_RCC_OscConfig  stm32f4xx_hal_rcc.o
    0x080016f0   0x080016f0   0x0000002e   Code   RO         1791    i.HAL_SPI_DeInit    stm32f4xx_hal_spi.o
    0x0800171e   0x0800171e   0x00000006   Code   RO         1794    i.HAL_SPI_GetState  stm32f4xx_hal_spi.o
    0x08001724   0x08001724   0x00000080   Code   RO         1796    i.HAL_SPI_Init      stm32f4xx_hal_spi.o
    0x080017a4   0x080017a4   0x00000028   Code   RO         3044    i.HAL_SPI_MspDeInit  stm32f4xx_hal_msp.o
    0x080017cc   0x080017cc   0x0000004c   Code   RO         3045    i.HAL_SPI_MspInit   stm32f4xx_hal_msp.o
    0x08001818   0x08001818   0x000001d8   Code   RO         1805    i.HAL_SPI_TransmitReceive  stm32f4xx_hal_spi.o
    0x080019f0   0x080019f0   0x00000018   Code   RO         1677    i.HAL_SYSTICK_CLKSourceConfig  stm32f4xx_hal_cortex.o
    0x08001a08   0x08001a08   0x00000002   Code   RO         1678    i.HAL_SYSTICK_Callback  stm32f4xx_hal_cortex.o
    0x08001a0a   0x08001a0a   0x00000028   Code   RO         1679    i.HAL_SYSTICK_Config  stm32f4xx_hal_cortex.o
    0x08001a32   0x08001a32   0x00000008   Code   RO         1680    i.HAL_SYSTICK_IRQHandler  stm32f4xx_hal_cortex.o
    0x08001a3a   0x08001a3a   0x00000002   Code   RO         2067    i.HAL_TIMEx_BreakCallback  stm32f4xx_hal_tim_ex.o
    0x08001a3c   0x08001a3c   0x00000002   Code   RO         2068    i.HAL_TIMEx_CommutationCallback  stm32f4xx_hal_tim_ex.o
    0x08001a3e   0x08001a3e   0x00000050   Code   RO         2084    i.HAL_TIMEx_MasterConfigSynchronization  stm32f4xx_hal_tim_ex.o
    0x08001a8e   0x08001a8e   0x00000036   Code   RO          337    i.HAL_TIM_Base_Init  stm32f4xx_hal_tim.o
    0x08001ac4   0x08001ac4   0x00000038   Code   RO         3047    i.HAL_TIM_Base_MspInit  stm32f4xx_hal_msp.o
    0x08001afc   0x08001afc   0x00000018   Code   RO          342    i.HAL_TIM_Base_Start_IT  stm32f4xx_hal_tim.o
    0x08001b14   0x08001b14   0x000000f2   Code   RO          346    i.HAL_TIM_ConfigClockSource  stm32f4xx_hal_tim.o
    0x08001c06   0x08001c06   0x00000002   Code   RO          366    i.HAL_TIM_IC_CaptureCallback  stm32f4xx_hal_tim.o
    0x08001c08   0x08001c08   0x00000166   Code   RO          379    i.HAL_TIM_IRQHandler  stm32f4xx_hal_tim.o
    0x08001d6e   0x08001d6e   0x00000002   Code   RO          382    i.HAL_TIM_OC_DelayElapsedCallback  stm32f4xx_hal_tim.o
    0x08001d70   0x08001d70   0x00000002   Code   RO          409    i.HAL_TIM_PWM_PulseFinishedCallback  stm32f4xx_hal_tim.o
    0x08001d72   0x08001d72   0x00000002   PAD
    0x08001d74   0x08001d74   0x00000034   Code   RO         2801    i.HAL_TIM_PeriodElapsedCallback  main.o
    0x08001da8   0x08001da8   0x00000002   Code   RO          420    i.HAL_TIM_TriggerCallback  stm32f4xx_hal_tim.o
    0x08001daa   0x08001daa   0x00000002   Code   RO         2961    i.HardFault_Handler  stm32f4xx_it.o
    0x08001dac   0x08001dac   0x00000028   Code   RO         2421    i.I2C_IsAcknowledgeFailed  stm32f4xx_hal_i2c.o
    0x08001dd4   0x08001dd4   0x000000f0   Code   RO         2430    i.I2C_RequestMemoryRead  stm32f4xx_hal_i2c.o
    0x08001ec4   0x08001ec4   0x000000a0   Code   RO         2431    i.I2C_RequestMemoryWrite  stm32f4xx_hal_i2c.o
    0x08001f64   0x08001f64   0x0000004e   Code   RO         2434    i.I2C_WaitOnBTFFlagUntilTimeout  stm32f4xx_hal_i2c.o
    0x08001fb2   0x08001fb2   0x00000060   Code   RO         2435    i.I2C_WaitOnFlagUntilTimeout  stm32f4xx_hal_i2c.o
    0x08002012   0x08002012   0x00000002   PAD
    0x08002014   0x08002014   0x00000088   Code   RO         2436    i.I2C_WaitOnMasterAddressFlagUntilTimeout  stm32f4xx_hal_i2c.o
    0x0800209c   0x0800209c   0x00000062   Code   RO         2437    i.I2C_WaitOnRXNEFlagUntilTimeout  stm32f4xx_hal_i2c.o
    0x080020fe   0x080020fe   0x0000004e   Code   RO         2438    i.I2C_WaitOnTXEFlagUntilTimeout  stm32f4xx_hal_i2c.o
    0x0800214c   0x0800214c   0x00000014   Code   RO         3329    i.I2Cx_Error        stm32f411e_discovery.o
    0x08002160   0x08002160   0x00000048   Code   RO         3330    i.I2Cx_Init         stm32f411e_discovery.o
    0x080021a8   0x080021a8   0x00000088   Code   RO         3331    i.I2Cx_MspInit      stm32f411e_discovery.o
    0x08002230   0x08002230   0x00000034   Code   RO         3332    i.I2Cx_ReadData     stm32f411e_discovery.o
    0x08002264   0x08002264   0x00000030   Code   RO         3333    i.I2Cx_WriteData    stm32f411e_discovery.o
    0x08002294   0x08002294   0x00000002   Code   RO         3146    i.L3GD20_DeInit     l3gd20.o
    0x08002296   0x08002296   0x00000038   Code   RO         3147    i.L3GD20_DisableIT  l3gd20.o
    0x080022ce   0x080022ce   0x00000040   Code   RO         3148    i.L3GD20_EnableIT   l3gd20.o
    0x0800230e   0x0800230e   0x00000028   Code   RO         3149    i.L3GD20_FilterCmd  l3gd20.o
    0x08002336   0x08002336   0x00000028   Code   RO         3150    i.L3GD20_FilterConfig  l3gd20.o
    0x0800235e   0x0800235e   0x00000052   Code   RO         3152    i.L3GD20_INT1InterruptConfig  l3gd20.o
    0x080023b0   0x080023b0   0x0000002e   Code   RO         3153    i.L3GD20_Init       l3gd20.o
    0x080023de   0x080023de   0x00000012   Code   RO         3154    i.L3GD20_LowPower   l3gd20.o
    0x080023f0   0x080023f0   0x00000016   Code   RO         3155    i.L3GD20_ReadID     l3gd20.o
    0x08002406   0x08002406   0x00000002   PAD
    0x08002408   0x08002408   0x00000064   Code   RO         3156    i.L3GD20_ReadXYZAngRate  l3gd20.o
    0x0800246c   0x0800246c   0x00000024   Code   RO         3157    i.L3GD20_RebootCmd  l3gd20.o
    0x08002490   0x08002490   0x00000046   Code   RO         3529    i.LSM303DLHC_AccClickITEnable  lsm303dlhc.o
    0x080024d6   0x080024d6   0x00000002   Code   RO         3530    i.LSM303DLHC_AccDeInit  lsm303dlhc.o
    0x080024d8   0x080024d8   0x0000001e   Code   RO         3531    i.LSM303DLHC_AccFilterClickCmd  lsm303dlhc.o
    0x080024f6   0x080024f6   0x0000001e   Code   RO         3532    i.LSM303DLHC_AccFilterCmd  lsm303dlhc.o
    0x08002514   0x08002514   0x0000001e   Code   RO         3533    i.LSM303DLHC_AccFilterConfig  lsm303dlhc.o
    0x08002532   0x08002532   0x0000001c   Code   RO         3539    i.LSM303DLHC_AccIT1Enable  lsm303dlhc.o
    0x0800254e   0x0800254e   0x00000020   Code   RO         3542    i.LSM303DLHC_AccInit  lsm303dlhc.o
    0x0800256e   0x0800256e   0x00000012   Code   RO         3543    i.LSM303DLHC_AccReadID  lsm303dlhc.o
    0x08002580   0x08002580   0x000000ac   Code   RO         3544    i.LSM303DLHC_AccReadXYZ  lsm303dlhc.o
    0x0800262c   0x0800262c   0x0000001a   Code   RO         3545    i.LSM303DLHC_AccRebootCmd  lsm303dlhc.o
    0x08002646   0x08002646   0x0000001c   Code   RO         3546    i.LSM303DLHC_AccZClickITConfig  lsm303dlhc.o
    0x08002662   0x08002662   0x00000002   PAD
    0x08002664   0x08002664   0x00000078   Code   RO         2802    i.MX_GPIO_Init      main.o
    0x080026dc   0x080026dc   0x00000040   Code   RO         2803    i.MX_SPI1_Init      main.o
    0x0800271c   0x0800271c   0x00000002   Code   RO         2962    i.MemManage_Handler  stm32f4xx_it.o
    0x0800271e   0x0800271e   0x00000002   Code   RO         2963    i.NMI_Handler       stm32f4xx_it.o
    0x08002720   0x08002720   0x00000020   Code   RO         1681    i.NVIC_SetPriority  stm32f4xx_hal_cortex.o
    0x08002740   0x08002740   0x00000002   Code   RO         2964    i.PendSV_Handler    stm32f4xx_it.o
    0x08002742   0x08002742   0x00000002   PAD
    0x08002744   0x08002744   0x00000030   Code   RO         2804    i.SENSOR_Init       main.o
    0x08002774   0x08002774   0x00000020   Code   RO         1818    i.SPI_CheckFlag_BSY  stm32f4xx_hal_spi.o
    0x08002794   0x08002794   0x00000096   Code   RO         1834    i.SPI_WaitFlagStateUntilTimeout  stm32f4xx_hal_spi.o
    0x0800282a   0x0800282a   0x00000002   PAD
    0x0800282c   0x0800282c   0x00000098   Code   RO         3334    i.SPIx_Init         stm32f411e_discovery.o
    0x080028c4   0x080028c4   0x00000038   Code   RO         3335    i.SPIx_WriteRead    stm32f411e_discovery.o
    0x080028fc   0x080028fc   0x00000002   Code   RO         2965    i.SVC_Handler       stm32f4xx_it.o
    0x080028fe   0x080028fe   0x0000000e   Code   RO         2966    i.SysTick_Handler   stm32f4xx_it.o
    0x0800290c   0x0800290c   0x0000009c   Code   RO         2805    i.SystemClock_Config  main.o
    0x080029a8   0x080029a8   0x00000054   Code   RO            5    i.SystemInit        system_stm32f4xx.o
    0x080029fc   0x080029fc   0x0000000c   Code   RO         2967    i.TIM2_IRQHandler   stm32f4xx_it.o
    0x08002a08   0x08002a08   0x00000090   Code   RO          421    i.TIM_Base_SetConfig  stm32f4xx_hal_tim.o
    0x08002a98   0x08002a98   0x00000014   Code   RO          428    i.TIM_ETR_SetConfig  stm32f4xx_hal_tim.o
    0x08002aac   0x08002aac   0x00000010   Code   RO          429    i.TIM_ITRx_SetConfig  stm32f4xx_hal_tim.o
    0x08002abc   0x08002abc   0x00000022   Code   RO          435    i.TIM_TI1_ConfigInputStage  stm32f4xx_hal_tim.o
    0x08002ade   0x08002ade   0x00000024   Code   RO          437    i.TIM_TI2_ConfigInputStage  stm32f4xx_hal_tim.o
    0x08002b02   0x08002b02   0x00000002   Code   RO         2968    i.UsageFault_Handler  stm32f4xx_it.o
    0x08002b04   0x08002b04   0x00000050   Code   RO         3102    i.XYZ_ACC_Read      sensor.o
    0x08002b54   0x08002b54   0x00000090   Code   RO         3103    i.XYZ_ANGLE_Read    sensor.o
    0x08002be4   0x08002be4   0x0000005c   Code   RO         3104    i.XYZ_GYRO_Read     sensor.o
    0x08002c40   0x08002c40   0x00000030   Code   RO         3813    i.__ARM_fpclassify  m_wm.l(fpclassify.o)
    0x08002c70   0x08002c70   0x000002d8   Code   RO         3750    i.__hardfp_atan     m_wm.l(atan.o)
    0x08002f48   0x08002f48   0x000001f0   Code   RO         3729    i.__hardfp_atan2    m_wm.l(atan2.o)
    0x08003138   0x08003138   0x000000f8   Code   RO         3815    i.__kernel_poly     m_wm.l(poly.o)
    0x08003230   0x08003230   0x00000014   Code   RO         3765    i.__mathlib_dbl_infnan  m_wm.l(dunder.o)
    0x08003244   0x08003244   0x00000014   Code   RO         3766    i.__mathlib_dbl_infnan2  m_wm.l(dunder.o)
    0x08003258   0x08003258   0x00000020   Code   RO         3770    i.__mathlib_dbl_underflow  m_wm.l(dunder.o)
    0x08003278   0x08003278   0x0000000e   Code   RO         3827    i.__scatterload_copy  mc_w.l(handlers.o)
    0x08003286   0x08003286   0x00000002   Code   RO         3828    i.__scatterload_null  mc_w.l(handlers.o)
    0x08003288   0x08003288   0x0000000e   Code   RO         3829    i.__scatterload_zeroinit  mc_w.l(handlers.o)
    0x08003296   0x08003296   0x00000010   Code   RO         3752    i.atan              m_wm.l(atan.o)
    0x080032a6   0x080032a6   0x00000018   Code   RO         3780    i.fabs              m_wm.l(fabs.o)
    0x080032be   0x080032be   0x00000002   PAD
    0x080032c0   0x080032c0   0x00000094   Code   RO         2806    i.main              main.o
    0x08003354   0x08003354   0x00000010   Data   RO          980    .constdata          stm32f4xx_hal_rcc.o
    0x08003364   0x08003364   0x00000004   PAD
    0x08003368   0x08003368   0x00000098   Data   RO         3753    .constdata          m_wm.l(atan.o)
    0x08003400   0x08003400   0x00000008   Data   RO         3784    .constdata          m_wm.l(qnan.o)
    0x08003408   0x08003408   0x00000020   Data   RO         3825    Region$$Table       anon$$obj.o


    Execution Region RW_IRAM1 (Exec base: 0x20000000, Load base: 0x08003428, Size: 0x00000680, Max: 0x00020000, ABSOLUTE)

    Exec Addr    Load Addr    Size         Type   Attr      Idx    E Section Name        Object

    0x20000000   0x08003428   0x00000004   Data   RW            8    .data               system_stm32f4xx.o
    0x20000004   0x0800342c   0x00000004   Data   RW         1251    .data               stm32f4xx_hal.o
    0x20000008   0x08003430   0x00000006   Data   RW         3105    .data               sensor.o
    0x2000000e   0x08003436   0x00000002   PAD
    0x20000010   0x08003438   0x00000034   Data   RW         3158    .data               l3gd20.o
    0x20000044   0x0800346c   0x00000004   Data   RW         3243    .data               stm32f411e_discovery_gyroscope.o
    0x20000048   0x08003470   0x0000001c   Data   RW         3338    .data               stm32f411e_discovery.o
    0x20000064   0x0800348c   0x00000004   Data   RW         3481    .data               stm32f411e_discovery_accelerometer.o
    0x20000068   0x08003490   0x00000034   Data   RW         3548    .data               lsm303dlhc.o
    0x2000009c   0x080034c4   0x00000004   PAD
    0x200000a0        -       0x00000130   Zero   RW         2807    .bss                main.o
    0x200001d0        -       0x000000ac   Zero   RW         3336    .bss                stm32f411e_discovery.o
    0x2000027c   0x080034c4   0x00000004   PAD
    0x20000280        -       0x00000400   Zero   RW          137    STACK               startup_stm32f411xe.o


==============================================================================

Image component sizes


      Code (inc. data)   RO Data    RW Data    ZI Data      Debug   Object Name

       506          0          0         52          0      10286   l3gd20.o
       466          0          0         52          0      10796   lsm303dlhc.o
       588         52          0          0        304     111204   main.o
       416         42          0          6          0       3814   sensor.o
        36          8        408          0       1024        916   startup_stm32f411xe.o
       944        108          0         28        172      13163   stm32f411e_discovery.o
        48          8          0          4          0       3236   stm32f411e_discovery_accelerometer.o
        68         10          0          4          0       3168   stm32f411e_discovery_gyroscope.o
       142         22          0          4          0       5191   stm32f4xx_hal.o
       228         14          0          0          0      33165   stm32f4xx_hal_cortex.o
       674         62          0          0          0       3870   stm32f4xx_hal_gpio.o
      2070         38          0          0          0      15778   stm32f4xx_hal_i2c.o
       380         58          0          0          0       4653   stm32f4xx_hal_msp.o
      1340         62         16          0          0       6144   stm32f4xx_hal_rcc.o
       834          0          0          0          0       6481   stm32f4xx_hal_spi.o
       936         30          0          0          0      11439   stm32f4xx_hal_tim.o
        84          0          0          0          0       2870   stm32f4xx_hal_tim_ex.o
        42          6          0          0          0       5724   stm32f4xx_it.o
        84         18          0          4          0     414859   system_stm32f4xx.o

    ----------------------------------------------------------------------
      9908        538        460        156       1508     666757   Object Totals
         0          0         32          0          0          0   (incl. Generated)
        22          0          4          2          8          0   (incl. Padding)

    ----------------------------------------------------------------------

      Code (inc. data)   RO Data    RW Data    ZI Data      Debug   Library Member Name

       744        106        152          0          0        352   atan.o
       496         64          0          0          0        192   atan2.o
        72          8          0          0          0        372   dunder.o
        24          0          0          0          0        124   fabs.o
        48          0          0          0          0        124   fpclassify.o
       248          0          0          0          0        152   poly.o
         0          0          8          0          0          0   qnan.o
         0          0          0          0          0          0   entry.o
         0          0          0          0          0          0   entry10a.o
         0          0          0          0          0          0   entry11a.o
         8          4          0          0          0          0   entry2.o
         4          0          0          0          0          0   entry5.o
         0          0          0          0          0          0   entry7b.o
         0          0          0          0          0          0   entry8b.o
         8          4          0          0          0          0   entry9a.o
        30          0          0          0          0          0   handlers.o
        36          8          0          0          0         68   init.o
         0          0          0          0          0          0   iusefp.o
        30          0          0          0          0         68   llshl.o
        36          0          0          0          0         68   llsshr.o
        32          0          0          0          0         68   llushr.o
       334          0          0          0          0        148   dadd.o
       222          0          0          0          0        100   ddiv.o
       186          0          0          0          0        176   depilogue.o
        34          0          0          0          0         76   dflti.o
       228          0          0          0          0         96   dmul.o

    ----------------------------------------------------------------------
      2824        194        160          0          0       2184   Library Totals
         4          0          0          0          0          0   (incl. Padding)

    ----------------------------------------------------------------------

      Code (inc. data)   RO Data    RW Data    ZI Data      Debug   Library Name

      1632        178        160          0          0       1316   m_wm.l
       184         16          0          0          0        272   mc_w.l
      1004          0          0          0          0        596   mf_w.l

    ----------------------------------------------------------------------
      2824        194        160          0          0       2184   Library Totals

    ----------------------------------------------------------------------

==============================================================================


      Code (inc. data)   RO Data    RW Data    ZI Data      Debug   

     12732        732        620        156       1508     656481   Grand Totals
     12732        732        620        156       1508     656481   ELF Image Totals
     12732        732        620        156          0          0   ROM Totals

==============================================================================

    Total RO  Size (Code + RO Data)                13352 (  13.04kB)
    Total RW  Size (RW Data + ZI Data)              1664 (   1.63kB)
    Total ROM Size (Code + RO Data + RW Data)      13508 (  13.19kB)

==============================================================================

